Component: ARM Compiler 5.06 update 7 (build 960) Tool: armlink [4d3601]

==============================================================================

Section Cross References

    startup_stm32f411xe.o(RESET) refers to startup_stm32f411xe.o(STACK) for __initial_sp
    startup_stm32f411xe.o(RESET) refers to startup_stm32f411xe.o(.text) for Reset_Handler
    startup_stm32f411xe.o(RESET) refers to stm32f4xx_it.o(i.NMI_Handler) for NMI_Handler
    startup_stm32f411xe.o(RESET) refers to stm32f4xx_it.o(i.HardFault_Handler) for HardFault_Handler
    startup_stm32f411xe.o(RESET) refers to stm32f4xx_it.o(i.MemManage_Handler) for MemManage_Handler
    startup_stm32f411xe.o(RESET) refers to stm32f4xx_it.o(i.BusFault_Handler) for BusFault_Handler
    startup_stm32f411xe.o(RESET) refers to stm32f4xx_it.o(i.UsageFault_Handler) for UsageFault_Handler
    startup_stm32f411xe.o(RESET) refers to port.o(.emb_text) for SVC_Handler
    startup_stm32f411xe.o(RESET) refers to stm32f4xx_it.o(i.DebugMon_Handler) for DebugMon_Handler
    startup_stm32f411xe.o(RESET) refers to systick.o(i.SysTick_Handler) for SysTick_Handler
    startup_stm32f411xe.o(RESET) refers to usart1.o(i.USART1_IRQHandler) for USART1_IRQHandler
    startup_stm32f411xe.o(RESET) refers to usart6.o(i.USART6_IRQHandler) for USART6_IRQHandler
    startup_stm32f411xe.o(.text) refers to system_stm32f4xx.o(i.SystemInit) for SystemInit
    startup_stm32f411xe.o(.text) refers to entry.o(.ARM.Collect$$$$00000000) for __main
    system_stm32f4xx.o(i.SystemCoreClockUpdate) refers to system_stm32f4xx.o(.data) for SystemCoreClock
    system_stm32f4xx.o(i.SystemInit) refers to system_stm32f4xx.o(i.SetSysClock) for SetSysClock
    stm32f4xx_adc.o(i.ADC_DeInit) refers to stm32f4xx_rcc.o(i.RCC_APB2PeriphResetCmd) for RCC_APB2PeriphResetCmd
    stm32f4xx_can.o(i.CAN_DeInit) refers to stm32f4xx_rcc.o(i.RCC_APB1PeriphResetCmd) for RCC_APB1PeriphResetCmd
    stm32f4xx_can.o(i.CAN_GetITStatus) refers to stm32f4xx_can.o(i.CheckITStatus) for CheckITStatus
    stm32f4xx_cryp.o(i.CRYP_DeInit) refers to stm32f4xx_rcc.o(i.RCC_AHB2PeriphResetCmd) for RCC_AHB2PeriphResetCmd
    stm32f4xx_cryp_aes.o(i.CRYP_AES_CBC) refers to stm32f4xx_cryp.o(i.CRYP_KeyStructInit) for CRYP_KeyStructInit
    stm32f4xx_cryp_aes.o(i.CRYP_AES_CBC) refers to stm32f4xx_cryp.o(i.CRYP_FIFOFlush) for CRYP_FIFOFlush
    stm32f4xx_cryp_aes.o(i.CRYP_AES_CBC) refers to stm32f4xx_cryp.o(i.CRYP_Init) for CRYP_Init
    stm32f4xx_cryp_aes.o(i.CRYP_AES_CBC) refers to stm32f4xx_cryp.o(i.CRYP_KeyInit) for CRYP_KeyInit
    stm32f4xx_cryp_aes.o(i.CRYP_AES_CBC) refers to stm32f4xx_cryp.o(i.CRYP_Cmd) for CRYP_Cmd
    stm32f4xx_cryp_aes.o(i.CRYP_AES_CBC) refers to stm32f4xx_cryp.o(i.CRYP_GetFlagStatus) for CRYP_GetFlagStatus
    stm32f4xx_cryp_aes.o(i.CRYP_AES_CBC) refers to stm32f4xx_cryp.o(i.CRYP_IVInit) for CRYP_IVInit
    stm32f4xx_cryp_aes.o(i.CRYP_AES_CBC) refers to stm32f4xx_cryp.o(i.CRYP_GetCmdStatus) for CRYP_GetCmdStatus
    stm32f4xx_cryp_aes.o(i.CRYP_AES_CBC) refers to stm32f4xx_cryp.o(i.CRYP_DataIn) for CRYP_DataIn
    stm32f4xx_cryp_aes.o(i.CRYP_AES_CBC) refers to stm32f4xx_cryp.o(i.CRYP_DataOut) for CRYP_DataOut
    stm32f4xx_cryp_aes.o(i.CRYP_AES_CCM) refers to stm32f4xx_cryp.o(i.CRYP_KeyStructInit) for CRYP_KeyStructInit
    stm32f4xx_cryp_aes.o(i.CRYP_AES_CCM) refers to stm32f4xx_cryp.o(i.CRYP_FIFOFlush) for CRYP_FIFOFlush
    stm32f4xx_cryp_aes.o(i.CRYP_AES_CCM) refers to stm32f4xx_cryp.o(i.CRYP_KeyInit) for CRYP_KeyInit
    stm32f4xx_cryp_aes.o(i.CRYP_AES_CCM) refers to stm32f4xx_cryp.o(i.CRYP_IVInit) for CRYP_IVInit
    stm32f4xx_cryp_aes.o(i.CRYP_AES_CCM) refers to stm32f4xx_cryp.o(i.CRYP_Init) for CRYP_Init
    stm32f4xx_cryp_aes.o(i.CRYP_AES_CCM) refers to stm32f4xx_cryp.o(i.CRYP_PhaseConfig) for CRYP_PhaseConfig
    stm32f4xx_cryp_aes.o(i.CRYP_AES_CCM) refers to stm32f4xx_cryp.o(i.CRYP_DataIn) for CRYP_DataIn
    stm32f4xx_cryp_aes.o(i.CRYP_AES_CCM) refers to stm32f4xx_cryp.o(i.CRYP_Cmd) for CRYP_Cmd
    stm32f4xx_cryp_aes.o(i.CRYP_AES_CCM) refers to stm32f4xx_cryp.o(i.CRYP_GetCmdStatus) for CRYP_GetCmdStatus
    stm32f4xx_cryp_aes.o(i.CRYP_AES_CCM) refers to stm32f4xx_cryp.o(i.CRYP_GetFlagStatus) for CRYP_GetFlagStatus
    stm32f4xx_cryp_aes.o(i.CRYP_AES_CCM) refers to stm32f4xx_cryp.o(i.CRYP_DataOut) for CRYP_DataOut
    stm32f4xx_cryp_aes.o(i.CRYP_AES_CTR) refers to stm32f4xx_cryp.o(i.CRYP_KeyStructInit) for CRYP_KeyStructInit
    stm32f4xx_cryp_aes.o(i.CRYP_AES_CTR) refers to stm32f4xx_cryp.o(i.CRYP_KeyInit) for CRYP_KeyInit
    stm32f4xx_cryp_aes.o(i.CRYP_AES_CTR) refers to stm32f4xx_cryp.o(i.CRYP_Init) for CRYP_Init
    stm32f4xx_cryp_aes.o(i.CRYP_AES_CTR) refers to stm32f4xx_cryp.o(i.CRYP_IVInit) for CRYP_IVInit
    stm32f4xx_cryp_aes.o(i.CRYP_AES_CTR) refers to stm32f4xx_cryp.o(i.CRYP_FIFOFlush) for CRYP_FIFOFlush
    stm32f4xx_cryp_aes.o(i.CRYP_AES_CTR) refers to stm32f4xx_cryp.o(i.CRYP_Cmd) for CRYP_Cmd
[...]
    i.prvResetNextTaskUnblockTime            0x08004eb8   Section        0  tasks.o(i.prvResetNextTaskUnblockTime)
    prvResetNextTaskUnblockTime              0x08004eb9   Thumb Code    42  tasks.o(i.prvResetNextTaskUnblockTime)
    i.prvSampleTimeNow                       0x08004eec   Section        0  timers.o(i.prvSampleTimeNow)
    prvSampleTimeNow                         0x08004eed   Thumb Code    40  timers.o(i.prvSampleTimeNow)
    i.prvSwitchTimerLists                    0x08004f18   Section        0  timers.o(i.prvSwitchTimerLists)
    prvSwitchTimerLists                      0x08004f19   Thumb Code   150  timers.o(i.prvSwitchTimerLists)
    i.prvTaskExitError                       0x08004fb8   Section        0  port.o(i.prvTaskExitError)
    prvTaskExitError                         0x08004fb9   Thumb Code    60  port.o(i.prvTaskExitError)
    i.prvTimerTask                           0x08004ff8   Section        0  timers.o(i.prvTimerTask)
    prvTimerTask                             0x08004ff9   Thumb Code    26  timers.o(i.prvTimerTask)
    i.prvUnlockQueue                         0x08005012   Section        0  queue.o(i.prvUnlockQueue)
    prvUnlockQueue                           0x08005013   Thumb Code   126  queue.o(i.prvUnlockQueue)
    i.pvPortMalloc                           0x08005090   Section        0  heap_4.o(i.pvPortMalloc)
    i.pvTaskIncrementMutexHeldCount          0x080051cc   Section        0  tasks.o(i.pvTaskIncrementMutexHeldCount)
    i.pxPortInitialiseStack                  0x080051ec   Section        0  port.o(i.pxPortInitialiseStack)
    i.ringbuffer_getRemainSize               0x08005218   Section        0  ringbuffer.o(i.ringbuffer_getRemainSize)
    i.ringbuffer_getUsedSize                 0x0800522c   Section        0  ringbuffer.o(i.ringbuffer_getUsedSize)
    i.ringbuffer_in                          0x0800524e   Section        0  ringbuffer.o(i.ringbuffer_in)
    i.ringbuffer_in_check                    0x08005276   Section        0  ringbuffer.o(i.ringbuffer_in_check)
    i.sqrt                                   0x0800529c   Section        0  sqrt.o(i.sqrt)
    i.uxListRemove                           0x0800530a   Section        0  list.o(i.uxListRemove)
    i.vListInitialise                        0x08005332   Section        0  list.o(i.vListInitialise)
    i.vListInitialiseItem                    0x0800534c   Section        0  list.o(i.vListInitialiseItem)
    i.vListInsert                            0x08005352   Section        0  list.o(i.vListInsert)
    i.vListInsertEnd                         0x08005386   Section        0  list.o(i.vListInsertEnd)
    i.vPortEnterCritical                     0x080053a0   Section        0  port.o(i.vPortEnterCritical)
    i.vPortExitCritical                      0x080053f4   Section        0  port.o(i.vPortExitCritical)
    i.vPortFree                              0x08005430   Section        0  heap_4.o(i.vPortFree)
    i.vPortSetupTimerInterrupt               0x080054c4   Section        0  port.o(i.vPortSetupTimerInterrupt)
    i.vPortValidateInterruptPriority         0x080054e4   Section        0  port.o(i.vPortValidateInterruptPriority)
    i.vQueueAddToRegistry                    0x0800555c   Section        0  queue.o(i.vQueueAddToRegistry)
    i.vQueueWaitForMessageRestricted         0x08005588   Section        0  queue.o(i.vQueueWaitForMessageRestricted)
    i.vTaskDelay                             0x080055d4   Section        0  tasks.o(i.vTaskDelay)
    i.vTaskMissedYield                       0x08005630   Section        0  tasks.o(i.vTaskMissedYield)
    i.vTaskPlaceOnEventList                  0x0800563c   Section        0  tasks.o(i.vTaskPlaceOnEventList)
    i.vTaskPlaceOnEventListRestricted        0x08005674   Section        0  tasks.o(i.vTaskPlaceOnEventListRestricted)
    i.vTaskPriorityInherit                   0x080056b4   Section        0  tasks.o(i.vTaskPriorityInherit)
    i.vTaskSetTimeOutState                   0x08005764   Section        0  tasks.o(i.vTaskSetTimeOutState)
    i.vTaskStartScheduler                    0x08005794   Section        0  tasks.o(i.vTaskStartScheduler)
    i.vTaskSuspendAll                        0x08005828   Section        0  tasks.o(i.vTaskSuspendAll)
    i.vTaskSwitchContext                     0x08005838   Section        0  tasks.o(i.vTaskSwitchContext)
    i.xPortStartScheduler                    0x080058c4   Section        0  port.o(i.xPortStartScheduler)
    i.xPortSysTickHandler                    0x08005a00   Section        0  port.o(i.xPortSysTickHandler)
    i.xQueueGenericCreate                    0x08005a34   Section        0  queue.o(i.xQueueGenericCreate)
    i.xQueueGenericReceive                   0x08005a8c   Section        0  queue.o(i.xQueueGenericReceive)
    i.xQueueGenericReset                     0x08005c50   Section        0  queue.o(i.xQueueGenericReset)
    i.xQueueGenericSend                      0x08005ce8   Section        0  queue.o(i.xQueueGenericSend)
    i.xQueueGenericSendFromISR               0x08005e90   Section        0  queue.o(i.xQueueGenericSendFromISR)
    i.xTaskCheckForTimeOut                   0x08005f88   Section        0  tasks.o(i.xTaskCheckForTimeOut)
    i.xTaskCreate                            0x08006014   Section        0  tasks.o(i.xTaskCreate)
    i.xTaskGetSchedulerState                 0x08006074   Section        0  tasks.o(i.xTaskGetSchedulerState)
    i.xTaskGetTickCount                      0x08006094   Section        0  tasks.o(i.xTaskGetTickCount)
    i.xTaskIncrementTick                     0x080060a0   Section        0  tasks.o(i.xTaskIncrementTick)
    i.xTaskPriorityDisinherit                0x080061e8   Section        0  tasks.o(i.xTaskPriorityDisinherit)
    i.xTaskRemoveFromEventList               0x080062b0   Section        0  tasks.o(i.xTaskRemoveFromEventList)
    i.xTaskResumeAll                         0x08006348   Section        0  tasks.o(i.xTaskResumeAll)
    i.xTimerCreateTimerTask                  0x0800644c   Section        0  timers.o(i.xTimerCreateTimerTask)
    i.xTimerGenericCommand                   0x080064a4   Section        0  timers.o(i.xTimerGenericCommand)
    .constdata                               0x08006528   Section       10  nrf24l01.o(.constdata)
    .constdata                               0x08006534   Section       24  mpu6050.o(.constdata)
    .constdata                               0x08006550   Section       80  asin.o(.constdata)
    pS                                       0x08006550   Data          48  asin.o(.constdata)
    qS                                       0x08006580   Data          32  asin.o(.constdata)
    .constdata                               0x080065a0   Section      152  atan.o(.constdata)
    atanhi                                   0x080065a0   Data          32  atan.o(.constdata)
    atanlo                                   0x080065c0   Data          32  atan.o(.constdata)
    aTodd                                    0x080065e0   Data          40  atan.o(.constdata)
    aTeven                                   0x08006608   Data          48  atan.o(.constdata)
    .constdata                               0x08006638   Section        8  qnan.o(.constdata)
    .data                                    0x20000000   Section       20  system_stm32f4xx.o(.data)
    .data                                    0x20000014   Section       16  stm32f4xx_rcc.o(.data)
    APBAHBPrescTable                         0x20000014   Data          16  stm32f4xx_rcc.o(.data)
    .data                                    0x20000024   Section        4  systick.o(.data)
    g_fac_us                                 0x20000024   Data           4  systick.o(.data)
    .data                                    0x20000028   Section       60  tasks.o(.data)
    pxDelayedTaskList                        0x2000002c   Data           4  tasks.o(.data)
    pxOverflowDelayedTaskList                0x20000030   Data           4  tasks.o(.data)
    uxDeletedTasksWaitingCleanUp             0x20000034   Data           4  tasks.o(.data)
    uxCurrentNumberOfTasks                   0x20000038   Data           4  tasks.o(.data)
    xTickCount                               0x2000003c   Data           4  tasks.o(.data)
    uxTopReadyPriority                       0x20000040   Data           4  tasks.o(.data)
    xSchedulerRunning                        0x20000044   Data           4  tasks.o(.data)
    uxPendedTicks                            0x20000048   Data           4  tasks.o(.data)
    xYieldPending                            0x2000004c   Data           4  tasks.o(.data)
    xNumOfOverflows                          0x20000050   Data           4  tasks.o(.data)
    uxTaskNumber                             0x20000054   Data           4  tasks.o(.data)
    xNextTaskUnblockTime                     0x20000058   Data           4  tasks.o(.data)
    xIdleTaskHandle                          0x2000005c   Data           4  tasks.o(.data)
    uxSchedulerSuspended                     0x20000060   Data           4  tasks.o(.data)
    .data                                    0x20000064   Section       20  timers.o(.data)
    pxCurrentTimerList                       0x20000064   Data           4  timers.o(.data)
    pxOverflowTimerList                      0x20000068   Data           4  timers.o(.data)
    xTimerQueue                              0x2000006c   Data           4  timers.o(.data)
    xTimerTaskHandle                         0x20000070   Data           4  timers.o(.data)
    xLastTime                                0x20000074   Data           4  timers.o(.data)
    .data                                    0x20000078   Section       12  port.o(.data)
    uxCriticalNesting                        0x20000078   Data           4  port.o(.data)
    ucMaxSysCallPriority                     0x2000007c   Data           1  port.o(.data)
    ulMaxPRIGROUPValue                       0x20000080   Data           4  port.o(.data)
    .data                                    0x20000084   Section       24  heap_4.o(.data)
    xStart                                   0x20000084   Data           8  heap_4.o(.data)
    pxEnd                                    0x2000008c   Data           4  heap_4.o(.data)
    xFreeBytesRemaining                      0x20000090   Data           4  heap_4.o(.data)
    xMinimumEverFreeBytesRemaining           0x20000094   Data           4  heap_4.o(.data)
    xBlockAllocatedBit                       0x20000098   Data           4  heap_4.o(.data)
    .data                                    0x2000009c   Section        2  usart1.o(.data)
    .data                                    0x200000a0   Section       14  mpu6050.o(.data)
    GYRO_OFFSET_FLAG                         0x200000a0   Data           1  mpu6050.o(.data)
    ACC_OFFSET_FLAG                          0x200000a1   Data           1  mpu6050.o(.data)
    last_gyro                                0x200000a8   Data           6  mpu6050.o(.data)
    .data                                    0x200000b0   Section       80  posture.o(.data)
    .data                                    0x20000100   Section      120  pid.o(.data)
    last_error                               0x20000148   Data           4  pid.o(.data)
    error_sum                                0x2000014c   Data           4  pid.o(.data)
    last_error                               0x20000150   Data           4  pid.o(.data)
    error_sum                                0x20000154   Data           4  pid.o(.data)
    last_error                               0x20000158   Data           4  pid.o(.data)
    error_sum                                0x2000015c   Data           4  pid.o(.data)
    last_error                               0x20000160   Data           4  pid.o(.data)
    error_sum                                0x20000164   Data           4  pid.o(.data)
    last_error                               0x20000168   Data           4  pid.o(.data)
    error_sum                                0x2000016c   Data           4  pid.o(.data)
    last_error                               0x20000170   Data           4  pid.o(.data)
    error_sum                                0x20000174   Data           4  pid.o(.data)
    .data                                    0x20000178   Section       30  control.o(.data)
    .data                                    0x20000198   Section       24  remote.o(.data)
    .data                                    0x200001b0   Section       22  task_manager.o(.data)
    outerEN                                  0x200001c4   Data           1  task_manager.o(.data)
    angle_update                             0x200001c5   Data           1  task_manager.o(.data)
    .data                                    0x200001c8   Section        4  stdout.o(.data)
    .data                                    0x200001cc   Section        4  errno.o(.data)
    _errno                                   0x200001cc   Data           4  errno.o(.data)
    .bss                                     0x200001d0   Section       64  queue.o(.bss)
    .bss                                     0x20000210   Section      200  tasks.o(.bss)
    pxReadyTasksLists                        0x20000210   Data         100  tasks.o(.bss)
    xDelayedTaskList1                        0x20000274   Data          20  tasks.o(.bss)
    xDelayedTaskList2                        0x20000288   Data          20  tasks.o(.bss)
    xPendingReadyList                        0x2000029c   Data          20  tasks.o(.bss)
    xTasksWaitingTermination                 0x200002b0   Data          20  tasks.o(.bss)
    xSuspendedTaskList                       0x200002c4   Data          20  tasks.o(.bss)
    .bss                                     0x200002d8   Section       40  timers.o(.bss)
    xActiveTimerList1                        0x200002d8   Data          20  timers.o(.bss)
    xActiveTimerList2                        0x200002ec   Data          20  timers.o(.bss)
    .bss                                     0x20000300   Section    76800  heap_4.o(.bss)
    ucHeap                                   0x20000300   Data       76800  heap_4.o(.bss)
    .bss                                     0x20012f00   Section      200  usart1.o(.bss)
    .bss                                     0x20012fc8   Section      140  usart6.o(.bss)
    .bss                                     0x20013054   Section       36  mpu6050.o(.bss)
    .bss                                     0x20013078   Section       24  posture.o(.bss)
    .bss                                     0x20013090   Section       33  remote.o(.bss)
    STACK                                    0x200130b8   Section     1024  startup_stm32f411xe.o(STACK)

    Global Symbols

    Symbol Name                              Value     Ov Type        Size  Object(Section)

    BuildAttributes$$THM_ISAv4$E$P$D$K$B$S$7EM$VFPi3$EXTD16$VFPS$VFMA$PE$A:L22UL41UL21$X:L11$S22US41US21$IEEE1$IW$USESV6$~STKCKD$USESV7$~SHL$OTIME$ROPI$IEEEX$EBA8$MICROLIB$REQ8$PRES8$EABIv2 0x00000000   Number         0  anon$$obj.o ABSOLUTE
    __ARM_use_no_argv                        0x00000000   Number         0  main.o ABSOLUTE
    _printf_a                                0x00000000   Number         0  stubs.o ABSOLUTE
    _printf_c                                0x00000000   Number         0  stubs.o ABSOLUTE
    _printf_charcount                        0x00000000   Number         0  stubs.o ABSOLUTE
    _printf_d                                0x00000000   Number         0  stubs.o ABSOLUTE
    _printf_e                                0x00000000   Number         0  stubs.o ABSOLUTE
    _printf_f                                0x00000000   Number         0  stubs.o ABSOLUTE
    _printf_flags                            0x00000000   Number         0  stubs.o ABSOLUTE
    _printf_fp_dec                           0x00000000   Number         0  stubs.o ABSOLUTE
    _printf_fp_hex                           0x00000000   Number         0  stubs.o ABSOLUTE
    _printf_g                                0x00000000   Number         0  stubs.o ABSOLUTE
    _printf_i                                0x00000000   Number         0  stubs.o ABSOLUTE
    _printf_int_dec                          0x00000000   Number         0  stubs.o ABSOLUTE
    _printf_l                                0x00000000   Number         0  stubs.o ABSOLUTE
    _printf_lc                               0x00000000   Number         0  stubs.o ABSOLUTE
    _printf_ll                               0x00000000   Number         0  stubs.o ABSOLUTE
    _printf_lld                              0x00000000   Number         0  stubs.o ABSOLUTE
    _printf_lli                              0x00000000   Number         0  stubs.o ABSOLUTE
    _printf_llo                              0x00000000   Number         0  stubs.o ABSOLUTE
    _printf_llu                              0x00000000   Number         0  stubs.o ABSOLUTE
    _printf_llx                              0x00000000   Number         0  stubs.o ABSOLUTE
    _printf_longlong_dec                     0x00000000   Number         0  stubs.o ABSOLUTE
    _printf_longlong_hex                     0x00000000   Number         0  stubs.o ABSOLUTE
    _printf_longlong_oct                     0x00000000   Number         0  stubs.o ABSOLUTE
    _printf_ls                               0x00000000   Number         0  stubs.o ABSOLUTE
    _printf_mbtowc                           0x00000000   Number         0  stubs.o ABSOLUTE
    _printf_n                                0x00000000   Number         0  stubs.o ABSOLUTE
    _printf_o                                0x00000000   Number         0  stubs.o ABSOLUTE
    _printf_p                                0x00000000   Number         0  stubs.o ABSOLUTE
    _printf_percent                          0x00000000   Number         0  stubs.o ABSOLUTE
    _printf_pre_padding                      0x00000000   Number         0  stubs.o ABSOLUTE
    _printf_return_value                     0x00000000   Number         0  stubs.o ABSOLUTE
    _printf_s                                0x00000000   Number         0  stubs.o ABSOLUTE
    _printf_sizespec                         0x00000000   Number         0  stubs.o ABSOLUTE
    _printf_str                              0x00000000   Number         0  stubs.o ABSOLUTE
    _printf_truncate_signed                  0x00000000   Number         0  stubs.o ABSOLUTE
    _printf_truncate_unsigned                0x00000000   Number         0  stubs.o ABSOLUTE
    _printf_u                                0x00000000   Number         0  stubs.o ABSOLUTE
    _printf_wc                               0x00000000   Number         0  stubs.o ABSOLUTE
    _printf_wctomb                           0x00000000   Number         0  stubs.o ABSOLUTE
    _printf_widthprec                        0x00000000   Number         0  stubs.o ABSOLUTE
    _printf_x                                0x00000000   Number         0  stubs.o ABSOLUTE
    __arm_fini_                               - Undefined Weak Reference
    __cpp_initialize__aeabi_                  - Undefined Weak Reference
    __cxa_finalize                            - Undefined Weak Reference
    _clock_init                               - Undefined Weak Reference
    _microlib_exit                            - Undefined Weak Reference
    __Vectors_Size                           0x00000198   Number         0  startup_stm32f411xe.o ABSOLUTE
    __Vectors                                0x08000000   Data           4  startup_stm32f411xe.o(RESET)
    __Vectors_End                            0x08000198   Data           0  startup_stm32f411xe.o(RESET)
    __main                                   0x08000199   Thumb Code     0  entry.o(.ARM.Collect$$$$00000000)
    _main_stk                                0x08000199   Thumb Code     0  entry2.o(.ARM.Collect$$$$00000001)
    _main_scatterload                        0x0800019d   Thumb Code     0  entry5.o(.ARM.Collect$$$$00000004)
    __main_after_scatterload                 0x080001a1   Thumb Code     0  entry5.o(.ARM.Collect$$$$00000004)
    _main_clock                              0x080001a1   Thumb Code     0  entry7b.o(.ARM.Collect$$$$00000008)
    _main_cpp_init                           0x080001a1   Thumb Code     0  entry8b.o(.ARM.Collect$$$$0000000A)
    _main_init                               0x080001a1   Thumb Code     0  entry9a.o(.ARM.Collect$$$$0000000B)
    __rt_lib_shutdown_fini                   0x080001a9   Thumb Code     0  entry12b.o(.ARM.Collect$$$$0000000E)
    __rt_final_cpp                           0x080001ad   Thumb Code     0  entry10a.o(.ARM.Collect$$$$0000000F)
    __rt_final_exit                          0x080001ad   Thumb Code     0  entry11a.o(.ARM.Collect$$$$00000011)
    SVC_Handler                              0x080001b1   Thumb Code    28  port.o(.emb_text)
    __asm___6_port_c_39a90d8d__prvStartFirstTask 0x080001d1   Thumb Code    28  port.o(.emb_text)
    __asm___6_port_c_39a90d8d__prvEnableVFP  0x080001f1   Thumb Code    16  port.o(.emb_text)
    PendSV_Handler                           0x08000205   Thumb Code    88  port.o(.emb_text)
    vPortGetIPSR                             0x08000261   Thumb Code     6  port.o(.emb_text)
    Reset_Handler                            0x08000269   Thumb Code     8  startup_stm32f411xe.o(.text)
    ADC_IRQHandler                           0x08000283   Thumb Code     0  startup_stm32f411xe.o(.text)
    DMA1_Stream0_IRQHandler                  0x08000283   Thumb Code     0  startup_stm32f411xe.o(.text)
    DMA1_Stream1_IRQHandler                  0x08000283   Thumb Code     0  startup_stm32f411xe.o(.text)
    DMA1_Stream2_IRQHandler                  0x08000283   Thumb Code     0  startup_stm32f411xe.o(.text)
    DMA1_Stream3_IRQHandler                  0x08000283   Thumb Code     0  startup_stm32f411xe.o(.text)
    DMA1_Stream4_IRQHandler                  0x08000283   Thumb Code     0  startup_stm32f411xe.o(.text)
    DMA1_Stream5_IRQHandler                  0x08000283   Thumb Code     0  startup_stm32f411xe.o(.text)
    DMA1_Stream6_IRQHandler                  0x08000283   Thumb Code     0  startup_stm32f411xe.o(.text)
    DMA1_Stream7_IRQHandler                  0x08000283   Thumb Code     0  startup_stm32f411xe.o(.text)
    DMA2_Stream0_IRQHandler                  0x08000283   Thumb Code     0  startup_stm32f411xe.o(.text)
    DMA2_Stream1_IRQHandler                  0x08000283   Thumb Code     0  startup_stm32f411xe.o(.text)
    DMA2_Stream2_IRQHandler                  0x08000283   Thumb Code     0  startup_stm32f411xe.o(.text)
    DMA2_Stream3_IRQHandler                  0x08000283   Thumb Code     0  startup_stm32f411xe.o(.text)
    DMA2_Stream4_IRQHandler                  0x08000283   Thumb Code     0  startup_stm32f411xe.o(.text)
    DMA2_Stream5_IRQHandler                  0x08000283   Thumb Code     0  startup_stm32f411xe.o(.text)
    DMA2_Stream6_IRQHandler                  0x08000283   Thumb Code     0  startup_stm32f411xe.o(.text)
    DMA2_Stream7_IRQHandler                  0x08000283   Thumb Code     0  startup_stm32f411xe.o(.text)
    EXTI0_IRQHandler                         0x08000283   Thumb Code     0  startup_stm32f411xe.o(.text)
    EXTI15_10_IRQHandler                     0x08000283   Thumb Code     0  startup_stm32f411xe.o(.text)
    EXTI1_IRQHandler                         0x08000283   Thumb Code     0  startup_stm32f411xe.o(.text)
    EXTI2_IRQHandler                         0x08000283   Thumb Code     0  startup_stm32f411xe.o(.text)
    EXTI3_IRQHandler                         0x08000283   Thumb Code     0  startup_stm32f411xe.o(.text)
    EXTI4_IRQHandler                         0x08000283   Thumb Code     0  startup_stm32f411xe.o(.text)
    EXTI9_5_IRQHandler                       0x08000283   Thumb Code     0  startup_stm32f411xe.o(.text)
    FLASH_IRQHandler                         0x08000283   Thumb Code     0  startup_stm32f411xe.o(.text)
    FPU_IRQHandler                           0x08000283   Thumb Code     0  startup_stm32f411xe.o(.text)
    I2C1_ER_IRQHandler                       0x08000283   Thumb Code     0  startup_stm32f411xe.o(.text)
    I2C1_EV_IRQHandler                       0x08000283   Thumb Code     0  startup_stm32f411xe.o(.text)
    I2C2_ER_IRQHandler                       0x08000283   Thumb Code     0  startup_stm32f411xe.o(.text)
    I2C2_EV_IRQHandler                       0x08000283   Thumb Code     0  startup_stm32f411xe.o(.text)
    I2C3_ER_IRQHandler                       0x08000283   Thumb Code     0  startup_stm32f411xe.o(.text)
    I2C3_EV_IRQHandler                       0x08000283   Thumb Code     0  startup_stm32f411xe.o(.text)
    OTG_FS_IRQHandler                        0x08000283   Thumb Code     0  startup_stm32f411xe.o(.text)
    OTG_FS_WKUP_IRQHandler                   0x08000283   Thumb Code     0  startup_stm32f411xe.o(.text)
    PVD_IRQHandler                           0x08000283   Thumb Code     0  startup_stm32f411xe.o(.text)
    RCC_IRQHandler                           0x08000283   Thumb Code     0  startup_stm32f411xe.o(.text)
    RTC_Alarm_IRQHandler                     0x08000283   Thumb Code     0  startup_stm32f411xe.o(.text)
    RTC_WKUP_IRQHandler                      0x08000283   Thumb Code     0  startup_stm32f411xe.o(.text)
    SDIO_IRQHandler                          0x08000283   Thumb Code     0  startup_stm32f411xe.o(.text)
    SPI1_IRQHandler                          0x08000283   Thumb Code     0  startup_stm32f411xe.o(.text)
    SPI2_IRQHandler                          0x08000283   Thumb Code     0  startup_stm32f411xe.o(.text)
    SPI3_IRQHandler                          0x08000283   Thumb Code     0  startup_stm32f411xe.o(.text)
    SPI4_IRQHandler                          0x08000283   Thumb Code     0  startup_stm32f411xe.o(.text)
    SPI5_IRQHandler                          0x08000283   Thumb Code     0  startup_stm32f411xe.o(.text)
    TAMP_STAMP_IRQHandler                    0x08000283   Thumb Code     0  startup_stm32f411xe.o(.text)
    TIM1_BRK_TIM9_IRQHandler                 0x08000283   Thumb Code     0  startup_stm32f411xe.o(.text)
    TIM1_CC_IRQHandler                       0x08000283   Thumb Code     0  startup_stm32f411xe.o(.text)
    TIM1_TRG_COM_TIM11_IRQHandler            0x08000283   Thumb Code     0  startup_stm32f411xe.o(.text)
    TIM1_UP_TIM10_IRQHandler                 0x08000283   Thumb Code     0  startup_stm32f411xe.o(.text)
    TIM2_IRQHandler                          0x08000283   Thumb Code     0  startup_stm32f411xe.o(.text)
    TIM3_IRQHandler                          0x08000283   Thumb Code     0  startup_stm32f411xe.o(.text)
    TIM4_IRQHandler                          0x08000283   Thumb Code     0  startup_stm32f411xe.o(.text)
    TIM5_IRQHandler                          0x08000283   Thumb Code     0  startup_stm32f411xe.o(.text)
    USART2_IRQHandler                        0x08000283   Thumb Code     0  startup_stm32f411xe.o(.text)
    WWDG_IRQHandler                          0x08000283   Thumb Code     0  startup_stm32f411xe.o(.text)
    __aeabi_memcpy                           0x0800028d   Thumb Code    36  memcpya.o(.text)
    __aeabi_memcpy4                          0x0800028d   Thumb Code     0  memcpya.o(.text)
    __aeabi_memcpy8                          0x0800028d   Thumb Code     0  memcpya.o(.text)
    __aeabi_memset                           0x080002b1   Thumb Code    14  memseta.o(.text)
    __aeabi_memset4                          0x080002b1   Thumb Code     0  memseta.o(.text)
    __aeabi_memset8                          0x080002b1   Thumb Code     0  memseta.o(.text)
    __aeabi_memclr                           0x080002bf   Thumb Code     4  memseta.o(.text)
    __aeabi_memclr4                          0x080002bf   Thumb Code     0  memseta.o(.text)
    __aeabi_memclr8                          0x080002bf   Thumb Code     0  memseta.o(.text)
    _memset$wrapper                          0x080002c3   Thumb Code    18  memseta.o(.text)
    __aeabi_dmul                             0x080002d5   Thumb Code   228  dmul.o(.text)
    __aeabi_f2d                              0x080003b9   Thumb Code    38  f2d.o(.text)
    __aeabi_d2f                              0x080003df   Thumb Code    56  d2f.o(.text)
    __aeabi_uidiv                            0x08000417   Thumb Code     0  uidiv.o(.text)
    __aeabi_uidivmod                         0x08000417   Thumb Code    44  uidiv.o(.text)
    __aeabi_uldivmod                         0x08000443   Thumb Code    98  uldiv.o(.text)
    __I$use$fp                               0x080004a5   Thumb Code     0  iusefp.o(.text)
    _float_round                             0x080004a5   Thumb Code    18  fepilogue.o(.text)
    _float_epilogue                          0x080004b7   Thumb Code    92  fepilogue.o(.text)
    _double_round                            0x08000513   Thumb Code    30  depilogue.o(.text)
    _double_epilogue                         0x08000531   Thumb Code   156  depilogue.o(.text)
    __aeabi_dadd                             0x080005cd   Thumb Code   322  dadd.o(.text)
    __aeabi_dsub                             0x0800070f   Thumb Code     6  dadd.o(.text)
    __aeabi_drsub                            0x08000715   Thumb Code     6  dadd.o(.text)
    __aeabi_ddiv                             0x0800071b   Thumb Code   222  ddiv.o(.text)
    _dsqrt                                   0x080007f9   Thumb Code   162  dsqrt.o(.text)
    __aeabi_d2ulz                            0x0800089b   Thumb Code    48  dfixul.o(.text)
    __aeabi_cdcmpeq                          0x080008cd   Thumb Code     0  cdcmple.o(.text)
    __aeabi_cdcmple                          0x080008cd   Thumb Code    48  cdcmple.o(.text)
    __aeabi_cdrcmple                         0x080008fd   Thumb Code    48  cdrcmple.o(.text)
    __scatterload                            0x0800092d   Thumb Code    28  init.o(.text)
    __scatterload_rt2                        0x0800092d   Thumb Code     0  init.o(.text)
    __aeabi_llsl                             0x08000951   Thumb Code    30  llshl.o(.text)
    _ll_shift_l                              0x08000951   Thumb Code     0  llshl.o(.text)
    __aeabi_llsr                             0x0800096f   Thumb Code    32  llushr.o(.text)
    _ll_ushift_r                             0x0800096f   Thumb Code     0  llushr.o(.text)
    __aeabi_lasr                             0x0800098f   Thumb Code    36  llsshr.o(.text)
    _ll_sshift_r                             0x0800098f   Thumb Code     0  llsshr.o(.text)
    __decompress                             0x080009b3   Thumb Code     0  __dczerorl2.o(.text)
    __decompress1                            0x080009b3   Thumb Code    86  __dczerorl2.o(.text)
    BusFault_Handler                         0x08000a09   Thumb Code     4  stm32f4xx_it.o(i.BusFault_Handler)
    Control                                  0x08000a0d   Thumb Code   340  control.o(i.Control)
    Control_task                             0x08000ba1   Thumb Code   138  task_manager.o(i.Control_task)
    DEBugFly_Error                           0x08000c55   Thumb Code    28  control.o(i.DEBugFly_Error)
    DebugMon_Handler                         0x08000c75   Thumb Code     2  stm32f4xx_it.o(i.DebugMon_Handler)
    Flight_Check                             0x08000c79   Thumb Code    98  control.o(i.Flight_Check)
    Flight_task                              0x08000cf1   Thumb Code    80  task_manager.o(i.Flight_task)
    GPIO_Init                                0x08000d89   Thumb Code   144  stm32f4xx_gpio.o(i.GPIO_Init)
    GPIO_PinAFConfig                         0x08000e19   Thumb Code    70  stm32f4xx_gpio.o(i.GPIO_PinAFConfig)
    GPIO_ReadInputDataBit                    0x08000e5f   Thumb Code    18  stm32f4xx_gpio.o(i.GPIO_ReadInputDataBit)
    GPIO_ResetBits                           0x08000e71   Thumb Code     6  stm32f4xx_gpio.o(i.GPIO_ResetBits)
    GPIO_SetBits                             0x08000e77   Thumb Code     4  stm32f4xx_gpio.o(i.GPIO_SetBits)
    Gx_Pid                                   0x08000e7d   Thumb Code   194  pid.o(i.Gx_Pid)
    Gy_Pid                                   0x08000f65   Thumb Code   194  pid.o(i.Gy_Pid)
    HardFault_Handler                        0x0800104d   Thumb Code     4  stm32f4xx_it.o(i.HardFault_Handler)
    I2C_GPIO_Init                            0x08001051   Thumb Code    92  i2c.o(i.I2C_GPIO_Init)
    IMU_Data                                 0x080010b5   Thumb Code   178  posture.o(i.IMU_Data)
    Led_Init                                 0x08001191   Thumb Code    60  led.o(i.Led_Init)
    Led_Red_Twinkle                          0x080011d1   Thumb Code    54  led.o(i.Led_Red_Twinkle)
    LightFlow_task                           0x0800120d   Thumb Code     4  task_manager.o(i.LightFlow_task)
    MPU6050_AccOffset                        0x08001211   Thumb Code     8  mpu6050.o(i.MPU6050_AccOffset)
    MPU6050_GyroOffset                       0x0800121d   Thumb Code   168  mpu6050.o(i.MPU6050_GyroOffset)
    MPU6050_Init                             0x080012d5   Thumb Code   188  mpu6050.o(i.MPU6050_Init)
    MPU_Get_AccelData                        0x08001391   Thumb Code   226  mpu6050.o(i.MPU_Get_AccelData)
    MPU_Get_GyroData                         0x08001485   Thumb Code   284  mpu6050.o(i.MPU_Get_GyroData)
    MPU_ReadData                             0x080015b1   Thumb Code    98  mpu6050.o(i.MPU_ReadData)
    MPU_Read_Byte                            0x08001613   Thumb Code    60  mpu6050.o(i.MPU_Read_Byte)
    MPU_Set_Accel_Fsr                        0x0800164f   Thumb Code    16  mpu6050.o(i.MPU_Set_Accel_Fsr)
    MPU_Set_Gyro_Fsr                         0x0800165f   Thumb Code    16  mpu6050.o(i.MPU_Set_Gyro_Fsr)
    MPU_Set_LPF                              0x0800166f   Thumb Code    58  mpu6050.o(i.MPU_Set_LPF)
    MPU_Set_Rate                             0x080016a9   Thumb Code    58  mpu6050.o(i.MPU_Set_Rate)
    MPU_WriteReg                             0x080016e3   Thumb Code    54  mpu6050.o(i.MPU_WriteReg)
    MemManage_Handler                        0x08001719   Thumb Code     4  stm32f4xx_it.o(i.MemManage_Handler)
    Motor_PWM_Out                            0x0800171d   Thumb Code   168  pwm.o(i.Motor_PWM_Out)
    NMI_Handler                              0x080017c5   Thumb Code     2  stm32f4xx_it.o(i.NMI_Handler)
    NRF24L01_Check                           0x080017c9   Thumb Code    72  nrf24l01.o(i.NRF24L01_Check)
    NRF24L01_Init                            0x08001819   Thumb Code   150  nrf24l01.o(i.NRF24L01_Init)
    NRF24L01_RxMode                          0x080018b9   Thumb Code    78  nrf24l01.o(i.NRF24L01_RxMode)
    NRF24L01_RxPacket                        0x08001911   Thumb Code    58  nrf24l01.o(i.NRF24L01_RxPacket)
    NVIC_Init                                0x0800194d   Thumb Code   106  misc.o(i.NVIC_Init)
    NVIC_PriorityGroupConfig                 0x080019c5   Thumb Code    10  misc.o(i.NVIC_PriorityGroupConfig)
    PWM_Init                                 0x080019d9   Thumb Code   222  pwm.o(i.PWM_Init)
    Pitch_Pid                                0x08001abd   Thumb Code   146  pid.o(i.Pitch_Pid)
    Posture_Update                           0x08001b65   Thumb Code  1632  posture.o(i.Posture_Update)
    RCC_AHB1PeriphClockCmd                   0x080021e9   Thumb Code    26  stm32f4xx_rcc.o(i.RCC_AHB1PeriphClockCmd)
    RCC_APB1PeriphClockCmd                   0x08002209   Thumb Code    26  stm32f4xx_rcc.o(i.RCC_APB1PeriphClockCmd)
    RCC_APB2PeriphClockCmd                   0x08002229   Thumb Code    26  stm32f4xx_rcc.o(i.RCC_APB2PeriphClockCmd)
    RCC_GetClocksFreq                        0x08002249   Thumb Code   214  stm32f4xx_rcc.o(i.RCC_GetClocksFreq)
    Remote_Receive                           0x08002331   Thumb Code   262  remote.o(i.Remote_Receive)
    RingBuffer_Init                          0x0800246d   Thumb Code    12  ringbuffer.o(i.RingBuffer_Init)
    Roll_Pid                                 0x08002479   Thumb Code   146  pid.o(i.Roll_Pid)
    SDA_Input_Mode                           0x08002521   Thumb Code    42  i2c.o(i.SDA_Input_Mode)
    SDA_Output_Mode                          0x08002551   Thumb Code    46  i2c.o(i.SDA_Output_Mode)
    SPI1_SetSpeed                            0x08002585   Thumb Code    24  spi.o(i.SPI1_SetSpeed)
    SPI1_SwapByte                            0x080025a1   Thumb Code    50  spi.o(i.SPI1_SwapByte)
    SPI_Cmd                                  0x080025d9   Thumb Code    24  stm32f4xx_spi.o(i.SPI_Cmd)
    SPI_Config_Init                          0x080025f1   Thumb Code    98  spi.o(i.SPI_Config_Init)
    SPI_GPIO_Init                            0x08002659   Thumb Code    78  spi.o(i.SPI_GPIO_Init)
    SPI_I2S_GetFlagStatus                    0x080026ad   Thumb Code    18  stm32f4xx_spi.o(i.SPI_I2S_GetFlagStatus)
    SPI_I2S_ReceiveData                      0x080026bf   Thumb Code     6  stm32f4xx_spi.o(i.SPI_I2S_ReceiveData)
    SPI_I2S_SendData                         0x080026c5   Thumb Code     4  stm32f4xx_spi.o(i.SPI_I2S_SendData)
    SPI_Init                                 0x080026c9   Thumb Code    60  stm32f4xx_spi.o(i.SPI_Init)
    SPI_Read_Buf                             0x08002705   Thumb Code    60  nrf24l01.o(i.SPI_Read_Buf)
    SPI_Read_Reg                             0x08002745   Thumb Code    38  nrf24l01.o(i.SPI_Read_Reg)
    SPI_Write_Buf                            0x08002771   Thumb Code    60  nrf24l01.o(i.SPI_Write_Buf)
    SPI_Write_Reg                            0x080027b1   Thumb Code    40  nrf24l01.o(i.SPI_Write_Reg)
    Send_task                                0x080027dd   Thumb Code     4  task_manager.o(i.Send_task)
    SysTick_CLKSourceConfig                  0x0800287d   Thumb Code    40  misc.o(i.SysTick_CLKSourceConfig)
    SysTick_Handler                          0x080028a5   Thumb Code    16  systick.o(i.SysTick_Handler)
    SysTick_Init                             0x080028b5   Thumb Code    52  systick.o(i.SysTick_Init)
    SystemInit                               0x080028ed   Thumb Code    88  system_stm32f4xx.o(i.SystemInit)
    TIM_Cmd                                  0x08002955   Thumb Code    24  stm32f4xx_tim.o(i.TIM_Cmd)
    TIM_InternalClockConfig                  0x0800296d   Thumb Code    12  stm32f4xx_tim.o(i.TIM_InternalClockConfig)
    TIM_OC1Init                              0x08002979   Thumb Code   114  stm32f4xx_tim.o(i.TIM_OC1Init)
    TIM_OC2Init                              0x080029f5   Thumb Code   154  stm32f4xx_tim.o(i.TIM_OC2Init)
    TIM_OC3Init                              0x08002a99   Thumb Code   150  stm32f4xx_tim.o(i.TIM_OC3Init)
    TIM_OC4Init                              0x08002b39   Thumb Code   112  stm32f4xx_tim.o(i.TIM_OC4Init)
    TIM_OCStructInit                         0x08002bb1   Thumb Code    20  stm32f4xx_tim.o(i.TIM_OCStructInit)
    TIM_SetCompare1                          0x08002bc5   Thumb Code     4  stm32f4xx_tim.o(i.TIM_SetCompare1)
    TIM_SetCompare2                          0x08002bc9   Thumb Code     4  stm32f4xx_tim.o(i.TIM_SetCompare2)
    TIM_SetCompare3                          0x08002bcd   Thumb Code     4  stm32f4xx_tim.o(i.TIM_SetCompare3)
    TIM_SetCompare4                          0x08002bd1   Thumb Code     4  stm32f4xx_tim.o(i.TIM_SetCompare4)
    TIM_TimeBaseInit                         0x08002bd5   Thumb Code   104  stm32f4xx_tim.o(i.TIM_TimeBaseInit)
    USART1_IRQHandler                        0x08002c59   Thumb Code   122  usart1.o(i.USART1_IRQHandler)
    USART1_Init                              0x08002ce1   Thumb Code   174  usart1.o(i.USART1_Init)
    USART6_IRQHandler                        0x08002d99   Thumb Code    40  usart6.o(i.USART6_IRQHandler)
    USART6_Init                              0x08002dc9   Thumb Code   176  usart6.o(i.USART6_Init)
    USART_ClearFlag                          0x08002e89   Thumb Code    18  stm32f4xx_usart.o(i.USART_ClearFlag)
    USART_Cmd                                0x08002e9b   Thumb Code    24  stm32f4xx_usart.o(i.USART_Cmd)
    USART_GetFlagStatus                      0x08002eb3   Thumb Code    26  stm32f4xx_usart.o(i.USART_GetFlagStatus)
    USART_GetITStatus                        0x08002ecd   Thumb Code    84  stm32f4xx_usart.o(i.USART_GetITStatus)
    USART_ITConfig                           0x08002f21   Thumb Code    74  stm32f4xx_usart.o(i.USART_ITConfig)
    USART_Init                               0x08002f6d   Thumb Code   204  stm32f4xx_usart.o(i.USART_Init)
    USART_ReceiveData                        0x08003041   Thumb Code    10  stm32f4xx_usart.o(i.USART_ReceiveData)
    USART_SendData                           0x0800304b   Thumb Code     8  stm32f4xx_usart.o(i.USART_SendData)
    UsageFault_Handler                       0x08003053   Thumb Code     4  stm32f4xx_it.o(i.UsageFault_Handler)
    __0printf                                0x08003059   Thumb Code    22  printfa.o(i.__0printf)
    __1printf                                0x08003059   Thumb Code     0  printfa.o(i.__0printf)
    __2printf                                0x08003059   Thumb Code     0  printfa.o(i.__0printf)
    __c89printf                              0x08003059   Thumb Code     0  printfa.o(i.__0printf)
    printf                                   0x08003059   Thumb Code     0  printfa.o(i.__0printf)
    __ARM_fpclassify                         0x08003079   Thumb Code    48  fpclassify.o(i.__ARM_fpclassify)
    __hardfp_asin                            0x080030a9   Thumb Code   770  asin.o(i.__hardfp_asin)
    __hardfp_atan                            0x08003409   Thumb Code   622  atan.o(i.__hardfp_atan)
    __hardfp_atan2                           0x080036e1   Thumb Code   448  atan2.o(i.__hardfp_atan2)
    __hardfp_sqrt                            0x080038e1   Thumb Code   122  sqrt.o(i.__hardfp_sqrt)
    __kernel_poly                            0x0800395b   Thumb Code   248  poly.o(i.__kernel_poly)
    __mathlib_dbl_infnan                     0x08003a53   Thumb Code    20  dunder.o(i.__mathlib_dbl_infnan)
    __mathlib_dbl_infnan2                    0x08003a67   Thumb Code    20  dunder.o(i.__mathlib_dbl_infnan2)
    __mathlib_dbl_invalid                    0x08003a81   Thumb Code    24  dunder.o(i.__mathlib_dbl_invalid)
    __mathlib_dbl_underflow                  0x08003aa1   Thumb Code    24  dunder.o(i.__mathlib_dbl_underflow)
    __scatterload_copy                       0x08003ac1   Thumb Code    14  handlers.o(i.__scatterload_copy)
    __scatterload_null                       0x08003acf   Thumb Code     2  handlers.o(i.__scatterload_null)
    __scatterload_zeroinit                   0x08003ad1   Thumb Code    14  handlers.o(i.__scatterload_zeroinit)
    __set_errno                              0x08003ae1   Thumb Code     6  errno.o(i.__set_errno)
    atan                                     0x08004377   Thumb Code    16  atan.o(i.atan)
    delay_ms                                 0x08004387   Thumb Code    24  systick.o(i.delay_ms)
    delay_us                                 0x080043a1   Thumb Code    68  systick.o(i.delay_us)
    fabs                                     0x080043e9   Thumb Code    24  fabs.o(i.fabs)
    fputc                                    0x08004401   Thumb Code    32  usart1.o(i.fputc)
    i2c_Ack                                  0x08004425   Thumb Code    56  i2c.o(i.i2c_Ack)
    i2c_NAck                                 0x08004475   Thumb Code    56  i2c.o(i.i2c_NAck)
    i2c_ReadByte                             0x080044b5   Thumb Code    86  i2c.o(i.i2c_ReadByte)
    i2c_SendByte                             0x08004515   Thumb Code    96  i2c.o(i.i2c_SendByte)
    i2c_Start                                0x0800457d   Thumb Code    60  i2c.o(i.i2c_Start)
    i2c_Stop                                 0x080045c1   Thumb Code    56  i2c.o(i.i2c_Stop)
    i2c_WaitAck                              0x08004601   Thumb Code    90  i2c.o(i.i2c_WaitAck)
    lpf_gyro                                 0x08004665   Thumb Code    56  mpu6050.o(i.lpf_gyro)
    main                                     0x080046a1   Thumb Code   108  main.o(i.main)
    pvPortMalloc                             0x08005091   Thumb Code   296  heap_4.o(i.pvPortMalloc)
    pvTaskIncrementMutexHeldCount            0x080051cd   Thumb Code    26  tasks.o(i.pvTaskIncrementMutexHeldCount)
    pxPortInitialiseStack                    0x080051ed   Thumb Code    38  port.o(i.pxPortInitialiseStack)
    ringbuffer_getRemainSize                 0x08005219   Thumb Code    20  ringbuffer.o(i.ringbuffer_getRemainSize)
    ringbuffer_getUsedSize                   0x0800522d   Thumb Code    34  ringbuffer.o(i.ringbuffer_getUsedSize)
    ringbuffer_in                            0x0800524f   Thumb Code    40  ringbuffer.o(i.ringbuffer_in)
    ringbuffer_in_check                      0x08005277   Thumb Code    38  ringbuffer.o(i.ringbuffer_in_check)
    sqrt                                     0x0800529d   Thumb Code   110  sqrt.o(i.sqrt)
    uxListRemove                             0x0800530b   Thumb Code    40  list.o(i.uxListRemove)
    vListInitialise                          0x08005333   Thumb Code    26  list.o(i.vListInitialise)
    vListInitialiseItem                      0x0800534d   Thumb Code     6  list.o(i.vListInitialiseItem)
    vListInsert                              0x08005353   Thumb Code    52  list.o(i.vListInsert)
    vListInsertEnd                           0x08005387   Thumb Code    24  list.o(i.vListInsertEnd)
    vPortEnterCritical                       0x080053a1   Thumb Code    76  port.o(i.vPortEnterCritical)
    vPortExitCritical                        0x080053f5   Thumb Code    56  port.o(i.vPortExitCritical)
    vPortFree                                0x08005431   Thumb Code   140  heap_4.o(i.vPortFree)
    vPortSetupTimerInterrupt                 0x080054c5   Thumb Code    26  port.o(i.vPortSetupTimerInterrupt)
    vPortValidateInterruptPriority           0x080054e5   Thumb Code   106  port.o(i.vPortValidateInterruptPriority)
    vQueueAddToRegistry                      0x0800555d   Thumb Code    38  queue.o(i.vQueueAddToRegistry)
    vQueueWaitForMessageRestricted           0x08005589   Thumb Code    74  queue.o(i.vQueueWaitForMessageRestricted)
    vTaskDelay                               0x080055d5   Thumb Code    82  tasks.o(i.vTaskDelay)
    vTaskMissedYield                         0x08005631   Thumb Code     8  tasks.o(i.vTaskMissedYield)
    vTaskPlaceOnEventList                    0x0800563d   Thumb Code    52  tasks.o(i.vTaskPlaceOnEventList)
    vTaskPlaceOnEventListRestricted          0x08005675   Thumb Code    60  tasks.o(i.vTaskPlaceOnEventListRestricted)
    vTaskPriorityInherit                     0x080056b5   Thumb Code   164  tasks.o(i.vTaskPriorityInherit)
    vTaskSetTimeOutState                     0x08005765   Thumb Code    38  tasks.o(i.vTaskSetTimeOutState)
    vTaskStartScheduler                      0x08005795   Thumb Code   118  tasks.o(i.vTaskStartScheduler)
    vTaskSuspendAll                          0x08005829   Thumb Code    12  tasks.o(i.vTaskSuspendAll)
    vTaskSwitchContext                       0x08005839   Thumb Code   118  tasks.o(i.vTaskSwitchContext)
    xPortStartScheduler                      0x080058c5   Thumb Code   288  port.o(i.xPortStartScheduler)
    xPortSysTickHandler                      0x08005a01   Thumb Code    46  port.o(i.xPortSysTickHandler)
    xQueueGenericCreate                      0x08005a35   Thumb Code    88  queue.o(i.xQueueGenericCreate)
    xQueueGenericReceive                     0x08005a8d   Thumb Code   446  queue.o(i.xQueueGenericReceive)
    xQueueGenericReset                       0x08005c51   Thumb Code   146  queue.o(i.xQueueGenericReset)
    xQueueGenericSend                        0x08005ce9   Thumb Code   420  queue.o(i.xQueueGenericSend)
    xQueueGenericSendFromISR                 0x08005e91   Thumb Code   248  queue.o(i.xQueueGenericSendFromISR)
    xTaskCheckForTimeOut                     0x08005f89   Thumb Code   132  tasks.o(i.xTaskCheckForTimeOut)
    xTaskCreate                              0x08006015   Thumb Code    96  tasks.o(i.xTaskCreate)
    xTaskGetSchedulerState                   0x08006075   Thumb Code    24  tasks.o(i.xTaskGetSchedulerState)
    xTaskGetTickCount                        0x08006095   Thumb Code     6  tasks.o(i.xTaskGetTickCount)
    xTaskIncrementTick                       0x080060a1   Thumb Code   282  tasks.o(i.xTaskIncrementTick)
    xTaskPriorityDisinherit                  0x080061e9   Thumb Code   188  tasks.o(i.xTaskPriorityDisinherit)
    xTaskRemoveFromEventList                 0x080062b1   Thumb Code   128  tasks.o(i.xTaskRemoveFromEventList)
    xTaskResumeAll                           0x08006349   Thumb Code   224  tasks.o(i.xTaskResumeAll)
    xTimerCreateTimerTask                    0x0800644d   Thumb Code    66  timers.o(i.xTimerCreateTimerTask)
    xTimerGenericCommand                     0x080064a5   Thumb Code   126  timers.o(i.xTimerGenericCommand)
    TX_ADDRESS                               0x08006528   Data           5  nrf24l01.o(.constdata)
    RX_ADDRESS                               0x0800652d   Data           5  nrf24l01.o(.constdata)
    acc_offset_fac                           0x08006534   Data          12  mpu6050.o(.constdata)
    acc_offset_bias                          0x08006540   Data          12  mpu6050.o(.constdata)
    __mathlib_zero                           0x08006638   Data           8  qnan.o(.constdata)
    Region$$Table$$Base                      0x08006640   Number         0  anon$$obj.o(Region$$Table)
    Region$$Table$$Limit                     0x08006660   Number         0  anon$$obj.o(Region$$Table)
    SystemCoreClock                          0x20000000   Data           4  system_stm32f4xx.o(.data)
    AHBPrescTable                            0x20000004   Data          16  system_stm32f4xx.o(.data)
    pxCurrentTCB                             0x20000028   Data           4  tasks.o(.data)
    USART1_RX_STA                            0x2000009c   Data           2  usart1.o(.data)
    lpf_factor                               0x200000a4   Data           4  mpu6050.o(.data)
    Roll                                     0x200000b0   Data           4  posture.o(.data)
    Pitch                                    0x200000b4   Data           4  posture.o(.data)
    Yaw                                      0x200000b8   Data           4  posture.o(.data)
    q0                                       0x200000bc   Data           4  posture.o(.data)
    q1                                       0x200000c0   Data           4  posture.o(.data)
    q2                                       0x200000c4   Data           4  posture.o(.data)
    q3                                       0x200000c8   Data           4  posture.o(.data)
    gx                                       0x200000cc   Data           4  posture.o(.data)
    gy                                       0x200000d0   Data           4  posture.o(.data)
    gz                                       0x200000d4   Data           4  posture.o(.data)
    ax                                       0x200000d8   Data           4  posture.o(.data)
    ay                                       0x200000dc   Data           4  posture.o(.data)
    az                                       0x200000e0   Data           4  posture.o(.data)
    exInt                                    0x200000e4   Data           4  posture.o(.data)
    eyInt                                    0x200000e8   Data           4  posture.o(.data)
    ezInt                                    0x200000ec   Data           4  posture.o(.data)
    q0_yaw                                   0x200000f0   Data           4  posture.o(.data)
    q1_yaw                                   0x200000f4   Data           4  posture.o(.data)
    q2_yaw                                   0x200000f8   Data           4  posture.o(.data)
    q3_yaw                                   0x200000fc   Data           4  posture.o(.data)
    pitch_Kp                                 0x20000100   Data           4  pid.o(.data)
    pitch_Ki                                 0x20000104   Data           4  pid.o(.data)
    pitch_Kd                                 0x20000108   Data           4  pid.o(.data)
    roll_Kp                                  0x2000010c   Data           4  pid.o(.data)
    roll_Ki                                  0x20000110   Data           4  pid.o(.data)
    roll_Kd                                  0x20000114   Data           4  pid.o(.data)
    gx_Kp                                    0x20000118   Data           4  pid.o(.data)
    gx_Ki                                    0x2000011c   Data           4  pid.o(.data)
    gx_Kd                                    0x20000120   Data           4  pid.o(.data)
    gy_Kp                                    0x20000124   Data           4  pid.o(.data)
    gy_Ki                                    0x20000128   Data           4  pid.o(.data)
    gy_Kd                                    0x2000012c   Data           4  pid.o(.data)
    pos_Kp                                   0x20000130   Data           4  pid.o(.data)
    pos_Ki                                   0x20000134   Data           4  pid.o(.data)
    pos_Kd                                   0x20000138   Data           4  pid.o(.data)
    vec_Kp                                   0x2000013c   Data           4  pid.o(.data)
    vec_Ki                                   0x20000140   Data           4  pid.o(.data)
    vec_Kd                                   0x20000144   Data           4  pid.o(.data)
    IMU_FLAG                                 0x20000178   Data           1  control.o(.data)
    REMOTE_FLAG                              0x20000179   Data           1  control.o(.data)
    M1                                       0x2000017a   Data           2  control.o(.data)
    M2                                       0x2000017c   Data           2  control.o(.data)
    M3                                       0x2000017e   Data           2  control.o(.data)
    M4                                       0x20000180   Data           2  control.o(.data)
    e_gyro_x                                 0x20000184   Data           4  control.o(.data)
    e_gyro_y                                 0x20000188   Data           4  control.o(.data)
    pwm_x                                    0x2000018c   Data           4  control.o(.data)
    pwm_y                                    0x20000190   Data           4  control.o(.data)
    motor                                    0x20000194   Data           2  control.o(.data)
    nrf_rx                                   0x20000198   Data           1  remote.o(.data)
    nrf_Roll                                 0x2000019c   Data           4  remote.o(.data)
    nrf_Pitch                                0x200001a0   Data           4  remote.o(.data)
    nrf_Yaw                                  0x200001a4   Data           4  remote.o(.data)
    speed                                    0x200001a8   Data           2  remote.o(.data)
    MOTO_Speed                               0x200001aa   Data           2  remote.o(.data)
    unlockF                                  0x200001ac   Data           1  remote.o(.data)
    descentF                                 0x200001ad   Data           1  remote.o(.data)
    onLedF                                   0x200001ae   Data           1  remote.o(.data)
    takeOffF                                 0x200001af   Data           1  remote.o(.data)
    ControlTask_Handler                      0x200001b0   Data           4  task_manager.o(.data)
    LightFlowTask_Handler                    0x200001b4   Data           4  task_manager.o(.data)
    SendTask_Handler                         0x200001b8   Data           4  task_manager.o(.data)
    battery                                  0x200001bc   Data           4  task_manager.o(.data)
    battery_level                            0x200001c0   Data           4  task_manager.o(.data)
    __stdout                                 0x200001c8   Data           4  stdout.o(.data)
    xQueueRegistry                           0x200001d0   Data          64  queue.o(.bss)
    USART1_RX_BUF                            0x20012f00   Data         200  usart1.o(.bss)
    USART6RxBuffer                           0x20012fc8   Data         128  usart6.o(.bss)
    USART6_RingBuffer                        0x20013048   Data          12  usart6.o(.bss)
    gyro_offset                              0x20013054   Data          12  mpu6050.o(.bss)
    _kalman                                  0x20013060   Data          24  mpu6050.o(.bss)
    Acc_Raw_Data                             0x20013078   Data          12  posture.o(.bss)
    Gyro_Raw_Data                            0x20013084   Data          12  posture.o(.bss)
    nrf24l01_buf                             0x20013090   Data          33  remote.o(.bss)
    __initial_sp                             0x200134b8   Data           0  startup_stm32f411xe.o(STACK)



==============================================================================

Memory Map of the image

  Image Entry point : 0x08000199

  Load Region LR_IROM1 (Base: 0x08000000, Size: 0x00006830, Max: 0x00080000, ABSOLUTE, COMPRESSED[0x000066ac])

    Execution Region ER_IROM1 (Exec base: 0x08000000, Load base: 0x08000000, Size: 0x00006660, Max: 0x00080000, ABSOLUTE)

    Exec Addr    Load Addr    Size         Type   Attr      Idx    E Section Name        Object

    0x08000000   0x08000000   0x00000198   Data   RO            3    RESET               startup_stm32f411xe.o
    0x08000198   0x08000198   0x00000000   Code   RO         7114  * .ARM.Collect$$$$00000000  mc_w.l(entry.o)
    0x08000198   0x08000198   0x00000004   Code   RO         7429    .ARM.Collect$$$$00000001  mc_w.l(entry2.o)
    0x0800019c   0x0800019c   0x00000004   Code   RO         7432    .ARM.Collect$$$$00000004  mc_w.l(entry5.o)
    0x080001a0   0x080001a0   0x00000000   Code   RO         7434    .ARM.Collect$$$$00000008  mc_w.l(entry7b.o)
    0x080001a0   0x080001a0   0x00000000   Code   RO         7436    .ARM.Collect$$$$0000000A  mc_w.l(entry8b.o)
    0x080001a0   0x080001a0   0x00000008   Code   RO         7437    .ARM.Collect$$$$0000000B  mc_w.l(entry9a.o)
    0x080001a8   0x080001a8   0x00000004   Code   RO         7444    .ARM.Collect$$$$0000000E  mc_w.l(entry12b.o)
    0x080001ac   0x080001ac   0x00000000   Code   RO         7439    .ARM.Collect$$$$0000000F  mc_w.l(entry10a.o)
    0x080001ac   0x080001ac   0x00000000   Code   RO         7441    .ARM.Collect$$$$00000011  mc_w.l(entry11a.o)
    0x080001ac   0x080001ac   0x00000004   Code   RO         7430    .ARM.Collect$$$$00002712  mc_w.l(entry2.o)
    0x080001b0   0x080001b0   0x000000b6   Code   RO         5952    .emb_text           port.o
    0x08000266   0x08000266   0x00000002   PAD
    0x08000268   0x08000268   0x00000024   Code   RO            4    .text               startup_stm32f411xe.o
    0x0800028c   0x0800028c   0x00000024   Code   RO         7117    .text               mc_w.l(memcpya.o)
    0x080002b0   0x080002b0   0x00000024   Code   RO         7119    .text               mc_w.l(memseta.o)
    0x080002d4   0x080002d4   0x000000e4   Code   RO         7384    .text               mf_w.l(dmul.o)
    0x080003b8   0x080003b8   0x00000026   Code   RO         7386    .text               mf_w.l(f2d.o)
    0x080003de   0x080003de   0x00000038   Code   RO         7388    .text               mf_w.l(d2f.o)
    0x08000416   0x08000416   0x0000002c   Code   RO         7446    .text               mc_w.l(uidiv.o)
    0x08000442   0x08000442   0x00000062   Code   RO         7448    .text               mc_w.l(uldiv.o)
    0x080004a4   0x080004a4   0x00000000   Code   RO         7457    .text               mc_w.l(iusefp.o)
    0x080004a4   0x080004a4   0x0000006e   Code   RO         7458    .text               mf_w.l(fepilogue.o)
    0x08000512   0x08000512   0x000000ba   Code   RO         7460    .text               mf_w.l(depilogue.o)
    0x080005cc   0x080005cc   0x0000014e   Code   RO         7462    .text               mf_w.l(dadd.o)
    0x0800071a   0x0800071a   0x000000de   Code   RO         7464    .text               mf_w.l(ddiv.o)
    0x080007f8   0x080007f8   0x000000a2   Code   RO         7468    .text               mf_w.l(dsqrt.o)
    0x0800089a   0x0800089a   0x00000030   Code   RO         7470    .text               mf_w.l(dfixul.o)
    0x080008ca   0x080008ca   0x00000002   PAD
    0x080008cc   0x080008cc   0x00000030   Code   RO         7472    .text               mf_w.l(cdcmple.o)
    0x080008fc   0x080008fc   0x00000030   Code   RO         7474    .text               mf_w.l(cdrcmple.o)
    0x0800092c   0x0800092c   0x00000024   Code   RO         7476    .text               mc_w.l(init.o)
    0x08000950   0x08000950   0x0000001e   Code   RO         7478    .text               mc_w.l(llshl.o)
    0x0800096e   0x0800096e   0x00000020   Code   RO         7480    .text               mc_w.l(llushr.o)
    0x0800098e   0x0800098e   0x00000024   Code   RO         7482    .text               mc_w.l(llsshr.o)
    0x080009b2   0x080009b2   0x00000056   Code   RO         7492    .text               mc_w.l(__dczerorl2.o)
    0x08000a08   0x08000a08   0x00000004   Code   RO         6973    i.BusFault_Handler  stm32f4xx_it.o
    0x08000a0c   0x08000a0c   0x00000194   Code   RO         6831    i.Control           control.o
    0x08000ba0   0x08000ba0   0x000000b4   Code   RO         7030    i.Control_task      task_manager.o
    0x08000c54   0x08000c54   0x00000020   Code   RO         6832    i.DEBugFly_Error    control.o
    0x08000c74   0x08000c74   0x00000002   Code   RO         6974    i.DebugMon_Handler  stm32f4xx_it.o
    0x08000c76   0x08000c76   0x00000002   PAD
    0x08000c78   0x08000c78   0x00000078   Code   RO         6833    i.Flight_Check      control.o
    0x08000cf0   0x08000cf0   0x00000098   Code   RO         7031    i.Flight_task       task_manager.o
    0x08000d88   0x08000d88   0x00000090   Code   RO         1968    i.GPIO_Init         stm32f4xx_gpio.o
    0x08000e18   0x08000e18   0x00000046   Code   RO         1969    i.GPIO_PinAFConfig  stm32f4xx_gpio.o
    0x08000e5e   0x08000e5e   0x00000012   Code   RO         1972    i.GPIO_ReadInputDataBit  stm32f4xx_gpio.o
    0x08000e70   0x08000e70   0x00000006   Code   RO         1975    i.GPIO_ResetBits    stm32f4xx_gpio.o
    0x08000e76   0x08000e76   0x00000004   Code   RO         1976    i.GPIO_SetBits      stm32f4xx_gpio.o
    0x08000e7a   0x08000e7a   0x00000002   PAD
    0x08000e7c   0x08000e7c   0x000000e8   Code   RO         6771    i.Gx_Pid            pid.o
    0x08000f64   0x08000f64   0x000000e8   Code   RO         6772    i.Gy_Pid            pid.o
    0x0800104c   0x0800104c   0x00000004   Code   RO         6975    i.HardFault_Handler  stm32f4xx_it.o
    0x08001050   0x08001050   0x00000064   Code   RO         6173    i.I2C_GPIO_Init     i2c.o
    0x080010b4   0x080010b4   0x000000dc   Code   RO         6726    i.IMU_Data          posture.o
    0x08001190   0x08001190   0x00000040   Code   RO         6442    i.Led_Init          led.o
    0x080011d0   0x080011d0   0x0000003c   Code   RO         6443    i.Led_Red_Twinkle   led.o
    0x0800120c   0x0800120c   0x00000004   Code   RO         7032    i.LightFlow_task    task_manager.o
    0x08001210   0x08001210   0x0000000c   Code   RO         6561    i.MPU6050_AccOffset  mpu6050.o
    0x0800121c   0x0800121c   0x000000b8   Code   RO         6562    i.MPU6050_GyroOffset  mpu6050.o
    0x080012d4   0x080012d4   0x000000bc   Code   RO         6563    i.MPU6050_Init      mpu6050.o
    0x08001390   0x08001390   0x000000f4   Code   RO         6564    i.MPU_Get_AccelData  mpu6050.o
    0x08001484   0x08001484   0x0000012c   Code   RO         6565    i.MPU_Get_GyroData  mpu6050.o
    0x080015b0   0x080015b0   0x00000062   Code   RO         6566    i.MPU_ReadData      mpu6050.o
    0x08001612   0x08001612   0x0000003c   Code   RO         6567    i.MPU_Read_Byte     mpu6050.o
    0x0800164e   0x0800164e   0x00000010   Code   RO         6568    i.MPU_Set_Accel_Fsr  mpu6050.o
    0x0800165e   0x0800165e   0x00000010   Code   RO         6569    i.MPU_Set_Gyro_Fsr  mpu6050.o
    0x0800166e   0x0800166e   0x0000003a   Code   RO         6570    i.MPU_Set_LPF       mpu6050.o
    0x080016a8   0x080016a8   0x0000003a   Code   RO         6571    i.MPU_Set_Rate      mpu6050.o
    0x080016e2   0x080016e2   0x00000036   Code   RO         6572    i.MPU_WriteReg      mpu6050.o
    0x08001718   0x08001718   0x00000004   Code   RO         6976    i.MemManage_Handler  stm32f4xx_it.o
    0x0800171c   0x0800171c   0x000000a8   Code   RO         6259    i.Motor_PWM_Out     pwm.o
    0x080017c4   0x080017c4   0x00000002   Code   RO         6977    i.NMI_Handler       stm32f4xx_it.o
    0x080017c6   0x080017c6   0x00000002   PAD
    0x080017c8   0x080017c8   0x00000050   Code   RO         6475    i.NRF24L01_Check    nrf24l01.o
    0x08001818   0x08001818   0x000000a0   Code   RO         6476    i.NRF24L01_Init     nrf24l01.o
    0x080018b8   0x080018b8   0x00000058   Code   RO         6477    i.NRF24L01_RxMode   nrf24l01.o
    0x08001910   0x08001910   0x0000003a   Code   RO         6478    i.NRF24L01_RxPacket  nrf24l01.o
    0x0800194a   0x0800194a   0x00000002   PAD
    0x0800194c   0x0800194c   0x00000078   Code   RO          137    i.NVIC_Init         misc.o
    0x080019c4   0x080019c4   0x00000014   Code   RO          138    i.NVIC_PriorityGroupConfig  misc.o
    0x080019d8   0x080019d8   0x000000e4   Code   RO         6260    i.PWM_Init          pwm.o
    0x08001abc   0x08001abc   0x000000a8   Code   RO         6773    i.Pitch_Pid         pid.o
    0x08001b64   0x08001b64   0x00000684   Code   RO         6727    i.Posture_Update    posture.o
    0x080021e8   0x080021e8   0x00000020   Code   RO         2915    i.RCC_AHB1PeriphClockCmd  stm32f4xx_rcc.o
    0x08002208   0x08002208   0x00000020   Code   RO         2921    i.RCC_APB1PeriphClockCmd  stm32f4xx_rcc.o
    0x08002228   0x08002228   0x00000020   Code   RO         2924    i.RCC_APB2PeriphClockCmd  stm32f4xx_rcc.o
    0x08002248   0x08002248   0x000000e8   Code   RO         2933    i.RCC_GetClocksFreq  stm32f4xx_rcc.o
    0x08002330   0x08002330   0x0000013c   Code   RO         6891    i.Remote_Receive    remote.o
    0x0800246c   0x0800246c   0x0000000c   Code   RO         6337    i.RingBuffer_Init   ringbuffer.o
    0x08002478   0x08002478   0x000000a8   Code   RO         6775    i.Roll_Pid          pid.o
    0x08002520   0x08002520   0x00000030   Code   RO         6174    i.SDA_Input_Mode    i2c.o
    0x08002550   0x08002550   0x00000034   Code   RO         6175    i.SDA_Output_Mode   i2c.o
    0x08002584   0x08002584   0x0000001c   Code   RO         6128    i.SPI1_SetSpeed     spi.o
    0x080025a0   0x080025a0   0x00000038   Code   RO         6129    i.SPI1_SwapByte     spi.o
    0x080025d8   0x080025d8   0x00000018   Code   RO         4004    i.SPI_Cmd           stm32f4xx_spi.o
    0x080025f0   0x080025f0   0x00000068   Code   RO         6130    i.SPI_Config_Init   spi.o
    0x08002658   0x08002658   0x00000054   Code   RO         6131    i.SPI_GPIO_Init     spi.o
    0x080026ac   0x080026ac   0x00000012   Code   RO         4012    i.SPI_I2S_GetFlagStatus  stm32f4xx_spi.o
    0x080026be   0x080026be   0x00000006   Code   RO         4015    i.SPI_I2S_ReceiveData  stm32f4xx_spi.o
    0x080026c4   0x080026c4   0x00000004   Code   RO         4016    i.SPI_I2S_SendData  stm32f4xx_spi.o
    0x080026c8   0x080026c8   0x0000003c   Code   RO         4017    i.SPI_Init          stm32f4xx_spi.o
    0x08002704   0x08002704   0x00000040   Code   RO         6481    i.SPI_Read_Buf      nrf24l01.o
    0x08002744   0x08002744   0x0000002c   Code   RO         6482    i.SPI_Read_Reg      nrf24l01.o
    0x08002770   0x08002770   0x00000040   Code   RO         6483    i.SPI_Write_Buf     nrf24l01.o
    0x080027b0   0x080027b0   0x0000002c   Code   RO         6484    i.SPI_Write_Reg     nrf24l01.o
    0x080027dc   0x080027dc   0x00000004   Code   RO         7033    i.Send_task         task_manager.o
    0x080027e0   0x080027e0   0x0000009c   Code   RO           13    i.SetSysClock       system_stm32f4xx.o
    0x0800287c   0x0800287c   0x00000028   Code   RO          141    i.SysTick_CLKSourceConfig  misc.o
    0x080028a4   0x080028a4   0x00000010   Code   RO         5059    i.SysTick_Handler   systick.o
    0x080028b4   0x080028b4   0x00000038   Code   RO         5060    i.SysTick_Init      systick.o
    0x080028ec   0x080028ec   0x00000068   Code   RO           15    i.SystemInit        system_stm32f4xx.o
    0x08002954   0x08002954   0x00000018   Code   RO         4245    i.TIM_Cmd           stm32f4xx_tim.o
    0x0800296c   0x0800296c   0x0000000c   Code   RO         4272    i.TIM_InternalClockConfig  stm32f4xx_tim.o
    0x08002978   0x08002978   0x0000007c   Code   RO         4274    i.TIM_OC1Init       stm32f4xx_tim.o
    0x080029f4   0x080029f4   0x000000a4   Code   RO         4279    i.TIM_OC2Init       stm32f4xx_tim.o
    0x08002a98   0x08002a98   0x000000a0   Code   RO         4284    i.TIM_OC3Init       stm32f4xx_tim.o
    0x08002b38   0x08002b38   0x00000078   Code   RO         4289    i.TIM_OC4Init       stm32f4xx_tim.o
    0x08002bb0   0x08002bb0   0x00000014   Code   RO         4292    i.TIM_OCStructInit  stm32f4xx_tim.o
    0x08002bc4   0x08002bc4   0x00000004   Code   RO         4307    i.TIM_SetCompare1   stm32f4xx_tim.o
    0x08002bc8   0x08002bc8   0x00000004   Code   RO         4308    i.TIM_SetCompare2   stm32f4xx_tim.o
    0x08002bcc   0x08002bcc   0x00000004   Code   RO         4309    i.TIM_SetCompare3   stm32f4xx_tim.o
    0x08002bd0   0x08002bd0   0x00000004   Code   RO         4310    i.TIM_SetCompare4   stm32f4xx_tim.o
    0x08002bd4   0x08002bd4   0x00000084   Code   RO         4317    i.TIM_TimeBaseInit  stm32f4xx_tim.o
    0x08002c58   0x08002c58   0x00000088   Code   RO         6081    i.USART1_IRQHandler  usart1.o
    0x08002ce0   0x08002ce0   0x000000b8   Code   RO         6082    i.USART1_Init       usart1.o
    0x08002d98   0x08002d98   0x00000030   Code   RO         6293    i.USART6_IRQHandler  usart6.o
    0x08002dc8   0x08002dc8   0x000000c0   Code   RO         6294    i.USART6_Init       usart6.o
    0x08002e88   0x08002e88   0x00000012   Code   RO         4798    i.USART_ClearFlag   stm32f4xx_usart.o
    0x08002e9a   0x08002e9a   0x00000018   Code   RO         4802    i.USART_Cmd         stm32f4xx_usart.o
    0x08002eb2   0x08002eb2   0x0000001a   Code   RO         4805    i.USART_GetFlagStatus  stm32f4xx_usart.o
    0x08002ecc   0x08002ecc   0x00000054   Code   RO         4806    i.USART_GetITStatus  stm32f4xx_usart.o
    0x08002f20   0x08002f20   0x0000004a   Code   RO         4808    i.USART_ITConfig    stm32f4xx_usart.o
    0x08002f6a   0x08002f6a   0x00000002   PAD
    0x08002f6c   0x08002f6c   0x000000d4   Code   RO         4809    i.USART_Init        stm32f4xx_usart.o
    0x08003040   0x08003040   0x0000000a   Code   RO         4816    i.USART_ReceiveData  stm32f4xx_usart.o
    0x0800304a   0x0800304a   0x00000008   Code   RO         4819    i.USART_SendData    stm32f4xx_usart.o
    0x08003052   0x08003052   0x00000004   Code   RO         6978    i.UsageFault_Handler  stm32f4xx_it.o
    0x08003056   0x08003056   0x00000002   PAD
    0x08003058   0x08003058   0x00000020   Code   RO         7356    i.__0printf         mc_w.l(printfa.o)
    0x08003078   0x08003078   0x00000030   Code   RO         7424    i.__ARM_fpclassify  m_wm.l(fpclassify.o)
    0x080030a8   0x080030a8   0x00000360   Code   RO         7076    i.__hardfp_asin     m_wm.l(asin.o)
    0x08003408   0x08003408   0x000002d8   Code   RO         7390    i.__hardfp_atan     m_wm.l(atan.o)
    0x080036e0   0x080036e0   0x00000200   Code   RO         7090    i.__hardfp_atan2    m_wm.l(atan2.o)
    0x080038e0   0x080038e0   0x0000007a   Code   RO         7102    i.__hardfp_sqrt     m_wm.l(sqrt.o)
    0x0800395a   0x0800395a   0x000000f8   Code   RO         7426    i.__kernel_poly     m_wm.l(poly.o)
    0x08003a52   0x08003a52   0x00000014   Code   RO         7405    i.__mathlib_dbl_infnan  m_wm.l(dunder.o)
    0x08003a66   0x08003a66   0x00000014   Code   RO         7406    i.__mathlib_dbl_infnan2  m_wm.l(dunder.o)
    0x08003a7a   0x08003a7a   0x00000006   PAD
    0x08003a80   0x08003a80   0x00000020   Code   RO         7407    i.__mathlib_dbl_invalid  m_wm.l(dunder.o)
    0x08003aa0   0x08003aa0   0x00000020   Code   RO         7410    i.__mathlib_dbl_underflow  m_wm.l(dunder.o)
    0x08003ac0   0x08003ac0   0x0000000e   Code   RO         7486    i.__scatterload_copy  mc_w.l(handlers.o)
    0x08003ace   0x08003ace   0x00000002   Code   RO         7487    i.__scatterload_null  mc_w.l(handlers.o)
    0x08003ad0   0x08003ad0   0x0000000e   Code   RO         7488    i.__scatterload_zeroinit  mc_w.l(handlers.o)
    0x08003ade   0x08003ade   0x00000002   PAD
    0x08003ae0   0x08003ae0   0x0000000c   Code   RO         7452    i.__set_errno       mc_w.l(errno.o)
    0x08003aec   0x08003aec   0x00000184   Code   RO         7363    i._fp_digits        mc_w.l(printfa.o)
    0x08003c70   0x08003c70   0x000006b4   Code   RO         7364    i._printf_core      mc_w.l(printfa.o)
    0x08004324   0x08004324   0x00000024   Code   RO         7365    i._printf_post_padding  mc_w.l(printfa.o)
    0x08004348   0x08004348   0x0000002e   Code   RO         7366    i._printf_pre_padding  mc_w.l(printfa.o)
    0x08004376   0x08004376   0x00000010   Code   RO         7392    i.atan              m_wm.l(atan.o)
    0x08004386   0x08004386   0x00000018   Code   RO         5061    i.delay_ms          systick.o
    0x0800439e   0x0800439e   0x00000002   PAD
    0x080043a0   0x080043a0   0x00000048   Code   RO         5062    i.delay_us          systick.o
    0x080043e8   0x080043e8   0x00000018   Code   RO         7420    i.fabs              m_wm.l(fabs.o)
    0x08004400   0x08004400   0x00000024   Code   RO         6083    i.fputc             usart1.o
    0x08004424   0x08004424   0x00000040   Code   RO         6176    i.i2c_Ack           i2c.o
    0x08004464   0x08004464   0x0000000e   Code   RO         6177    i.i2c_Delay         i2c.o
    0x08004472   0x08004472   0x00000002   PAD
    0x08004474   0x08004474   0x00000040   Code   RO         6178    i.i2c_NAck          i2c.o
    0x080044b4   0x080044b4   0x00000060   Code   RO         6179    i.i2c_ReadByte      i2c.o
    0x08004514   0x08004514   0x00000068   Code   RO         6180    i.i2c_SendByte      i2c.o
    0x0800457c   0x0800457c   0x00000044   Code   RO         6181    i.i2c_Start         i2c.o
    0x080045c0   0x080045c0   0x00000040   Code   RO         6182    i.i2c_Stop          i2c.o
    0x08004600   0x08004600   0x00000064   Code   RO         6183    i.i2c_WaitAck       i2c.o
    0x08004664   0x08004664   0x0000003c   Code   RO         6573    i.lpf_gyro          mpu6050.o
    0x080046a0   0x080046a0   0x0000006c   Code   RO         6932    i.main              main.o
    0x0800470c   0x0800470c   0x00000098   Code   RO         5485    i.prvAddCurrentTaskToDelayedList  tasks.o
    0x080047a4   0x080047a4   0x000000b8   Code   RO         5486    i.prvAddNewTaskToReadyList  tasks.o
    0x0800485c   0x0800485c   0x00000064   Code   RO         5822    i.prvCheckForValidListAndQueue  timers.o
    0x080048c0   0x080048c0   0x00000064   Code   RO         5487    i.prvCheckTasksWaitingTermination  tasks.o
    0x08004924   0x08004924   0x0000002a   Code   RO         5284    i.prvCopyDataFromQueue  queue.o
    0x0800494e   0x0800494e   0x0000007c   Code   RO         5285    i.prvCopyDataToQueue  queue.o
    0x080049ca   0x080049ca   0x00000012   Code   RO         5488    i.prvDeleteTCB      tasks.o
    0x080049dc   0x080049dc   0x00000028   Code   RO         5823    i.prvGetNextExpireTime  timers.o
    0x08004a04   0x08004a04   0x0000007c   Code   RO         6029    i.prvHeapInit       heap_4.o
    0x08004a80   0x08004a80   0x00000028   Code   RO         5489    i.prvIdleTask       tasks.o
    0x08004aa8   0x08004aa8   0x0000002a   Code   RO         5287    i.prvInitialiseNewQueue  queue.o
    0x08004ad2   0x08004ad2   0x000000b4   Code   RO         5490    i.prvInitialiseNewTask  tasks.o
    0x08004b86   0x08004b86   0x00000002   PAD
    0x08004b88   0x08004b88   0x00000068   Code   RO         5491    i.prvInitialiseTaskLists  tasks.o
    0x08004bf0   0x08004bf0   0x00000068   Code   RO         6030    i.prvInsertBlockIntoFreeList  heap_4.o
    0x08004c58   0x08004c58   0x00000058   Code   RO         5825    i.prvInsertTimerInActiveList  timers.o
    0x08004cb0   0x08004cb0   0x0000001a   Code   RO         5288    i.prvIsQueueEmpty   queue.o
    0x08004cca   0x08004cca   0x0000001e   Code   RO         5289    i.prvIsQueueFull    queue.o
    0x08004ce8   0x08004ce8   0x00000064   Code   RO         5826    i.prvProcessExpiredTimer  timers.o
    0x08004d4c   0x08004d4c   0x000000f8   Code   RO         5827    i.prvProcessReceivedCommands  timers.o
    0x08004e44   0x08004e44   0x00000074   Code   RO         5828    i.prvProcessTimerOrBlockTask  timers.o
    0x08004eb8   0x08004eb8   0x00000034   Code   RO         5493    i.prvResetNextTaskUnblockTime  tasks.o
    0x08004eec   0x08004eec   0x0000002c   Code   RO         5829    i.prvSampleTimeNow  timers.o
    0x08004f18   0x08004f18   0x000000a0   Code   RO         5830    i.prvSwitchTimerLists  timers.o
    0x08004fb8   0x08004fb8   0x00000040   Code   RO         5953    i.prvTaskExitError  port.o
    0x08004ff8   0x08004ff8   0x0000001a   Code   RO         5831    i.prvTimerTask      timers.o
    0x08005012   0x08005012   0x0000007e   Code   RO         5290    i.prvUnlockQueue    queue.o
    0x08005090   0x08005090   0x0000013c   Code   RO         6031    i.pvPortMalloc      heap_4.o
    0x080051cc   0x080051cc   0x00000020   Code   RO         5496    i.pvTaskIncrementMutexHeldCount  tasks.o
    0x080051ec   0x080051ec   0x0000002c   Code   RO         5954    i.pxPortInitialiseStack  port.o
    0x08005218   0x08005218   0x00000014   Code   RO         6338    i.ringbuffer_getRemainSize  ringbuffer.o
    0x0800522c   0x0800522c   0x00000022   Code   RO         6339    i.ringbuffer_getUsedSize  ringbuffer.o
    0x0800524e   0x0800524e   0x00000028   Code   RO         6340    i.ringbuffer_in     ringbuffer.o
    0x08005276   0x08005276   0x00000026   Code   RO         6341    i.ringbuffer_in_check  ringbuffer.o
    0x0800529c   0x0800529c   0x0000006e   Code   RO         7104    i.sqrt              m_wm.l(sqrt.o)
    0x0800530a   0x0800530a   0x00000028   Code   RO         5247    i.uxListRemove      list.o
    0x08005332   0x08005332   0x0000001a   Code   RO         5248    i.vListInitialise   list.o
    0x0800534c   0x0800534c   0x00000006   Code   RO         5249    i.vListInitialiseItem  list.o
    0x08005352   0x08005352   0x00000034   Code   RO         5250    i.vListInsert       list.o
    0x08005386   0x08005386   0x00000018   Code   RO         5251    i.vListInsertEnd    list.o
    0x0800539e   0x0800539e   0x00000002   PAD
    0x080053a0   0x080053a0   0x00000054   Code   RO         5956    i.vPortEnterCritical  port.o
    0x080053f4   0x080053f4   0x0000003c   Code   RO         5957    i.vPortExitCritical  port.o
    0x08005430   0x08005430   0x00000094   Code   RO         6032    i.vPortFree         heap_4.o
    0x080054c4   0x080054c4   0x00000020   Code   RO         5958    i.vPortSetupTimerInterrupt  port.o
    0x080054e4   0x080054e4   0x00000078   Code   RO         5959    i.vPortValidateInterruptPriority  port.o
    0x0800555c   0x0800555c   0x0000002c   Code   RO         5296    i.vQueueAddToRegistry  queue.o
    0x08005588   0x08005588   0x0000004a   Code   RO         5300    i.vQueueWaitForMessageRestricted  queue.o
    0x080055d2   0x080055d2   0x00000002   PAD
    0x080055d4   0x080055d4   0x0000005c   Code   RO         5504    i.vTaskDelay        tasks.o
    0x08005630   0x08005630   0x0000000c   Code   RO         5509    i.vTaskMissedYield  tasks.o
    0x0800563c   0x0800563c   0x00000038   Code   RO         5511    i.vTaskPlaceOnEventList  tasks.o
    0x08005674   0x08005674   0x00000040   Code   RO         5512    i.vTaskPlaceOnEventListRestricted  tasks.o
    0x080056b4   0x080056b4   0x000000b0   Code   RO         5514    i.vTaskPriorityInherit  tasks.o
    0x08005764   0x08005764   0x00000030   Code   RO         5518    i.vTaskSetTimeOutState  tasks.o
    0x08005794   0x08005794   0x00000094   Code   RO         5519    i.vTaskStartScheduler  tasks.o
    0x08005828   0x08005828   0x00000010   Code   RO         5521    i.vTaskSuspendAll   tasks.o
    0x08005838   0x08005838   0x0000008c   Code   RO         5522    i.vTaskSwitchContext  tasks.o
    0x080058c4   0x080058c4   0x0000013c   Code   RO         5960    i.xPortStartScheduler  port.o
    0x08005a00   0x08005a00   0x00000034   Code   RO         5961    i.xPortSysTickHandler  port.o
    0x08005a34   0x08005a34   0x00000058   Code   RO         5303    i.xQueueGenericCreate  queue.o
    0x08005a8c   0x08005a8c   0x000001c4   Code   RO         5304    i.xQueueGenericReceive  queue.o
    0x08005c50   0x08005c50   0x00000098   Code   RO         5305    i.xQueueGenericReset  queue.o
    0x08005ce8   0x08005ce8   0x000001a8   Code   RO         5306    i.xQueueGenericSend  queue.o
    0x08005e90   0x08005e90   0x000000f8   Code   RO         5307    i.xQueueGenericSendFromISR  queue.o
    0x08005f88   0x08005f88   0x0000008c   Code   RO         5523    i.xTaskCheckForTimeOut  tasks.o
    0x08006014   0x08006014   0x00000060   Code   RO         5524    i.xTaskCreate       tasks.o
    0x08006074   0x08006074   0x00000020   Code   RO         5528    i.xTaskGetSchedulerState  tasks.o
    0x08006094   0x08006094   0x0000000c   Code   RO         5529    i.xTaskGetTickCount  tasks.o
    0x080060a0   0x080060a0   0x00000148   Code   RO         5531    i.xTaskIncrementTick  tasks.o
    0x080061e8   0x080061e8   0x000000c8   Code   RO         5534    i.xTaskPriorityDisinherit  tasks.o
    0x080062b0   0x080062b0   0x00000098   Code   RO         5535    i.xTaskRemoveFromEventList  tasks.o
    0x08006348   0x08006348   0x00000104   Code   RO         5537    i.xTaskResumeAll    tasks.o
    0x0800644c   0x0800644c   0x00000058   Code   RO         5835    i.xTimerCreateTimerTask  timers.o
    0x080064a4   0x080064a4   0x00000084   Code   RO         5836    i.xTimerGenericCommand  timers.o
    0x08006528   0x08006528   0x0000000a   Data   RO         6485    .constdata          nrf24l01.o
    0x08006532   0x08006532   0x00000002   PAD
    0x08006534   0x08006534   0x00000018   Data   RO         6575    .constdata          mpu6050.o
    0x0800654c   0x0800654c   0x00000004   PAD
    0x08006550   0x08006550   0x00000050   Data   RO         7079    .constdata          m_wm.l(asin.o)
    0x080065a0   0x080065a0   0x00000098   Data   RO         7393    .constdata          m_wm.l(atan.o)
    0x08006638   0x08006638   0x00000008   Data   RO         7428    .constdata          m_wm.l(qnan.o)
    0x08006640   0x08006640   0x00000020   Data   RO         7484    Region$$Table       anon$$obj.o


    Execution Region RW_IRAM1 (Exec base: 0x20000000, Load base: 0x08006660, Size: 0x000134b8, Max: 0x00020000, ABSOLUTE, COMPRESSED[0x0000004c])

    Exec Addr    Load Addr    Size         Type   Attr      Idx    E Section Name        Object

    0x20000000   COMPRESSED   0x00000014   Data   RW           16    .data               system_stm32f4xx.o
    0x20000014   COMPRESSED   0x00000010   Data   RW         2963    .data               stm32f4xx_rcc.o
    0x20000024   COMPRESSED   0x00000004   Data   RW         5063    .data               systick.o
    0x20000028   COMPRESSED   0x0000003c   Data   RW         5540    .data               tasks.o
    0x20000064   COMPRESSED   0x00000014   Data   RW         5842    .data               timers.o
    0x20000078   COMPRESSED   0x0000000c   Data   RW         5962    .data               port.o
    0x20000084   COMPRESSED   0x00000018   Data   RW         6037    .data               heap_4.o
    0x2000009c   COMPRESSED   0x00000002   Data   RW         6085    .data               usart1.o
    0x2000009e   COMPRESSED   0x00000002   PAD
    0x200000a0   COMPRESSED   0x0000000e   Data   RW         6576    .data               mpu6050.o
    0x200000ae   COMPRESSED   0x00000002   PAD
    0x200000b0   COMPRESSED   0x00000050   Data   RW         6729    .data               posture.o
    0x20000100   COMPRESSED   0x00000078   Data   RW         6777    .data               pid.o
    0x20000178   COMPRESSED   0x0000001e   Data   RW         6835    .data               control.o
    0x20000196   COMPRESSED   0x00000002   PAD
    0x20000198   COMPRESSED   0x00000018   Data   RW         6894    .data               remote.o
    0x200001b0   COMPRESSED   0x00000016   Data   RW         7034    .data               task_manager.o
    0x200001c6   COMPRESSED   0x00000002   PAD
    0x200001c8   COMPRESSED   0x00000004   Data   RW         7445    .data               mc_w.l(stdout.o)
    0x200001cc   COMPRESSED   0x00000004   Data   RW         7453    .data               mc_w.l(errno.o)
    0x200001d0        -       0x00000040   Zero   RW         5315    .bss                queue.o
    0x20000210        -       0x000000c8   Zero   RW         5539    .bss                tasks.o
    0x200002d8        -       0x00000028   Zero   RW         5841    .bss                timers.o
    0x20000300        -       0x00012c00   Zero   RW         6036    .bss                heap_4.o
    0x20012f00        -       0x000000c8   Zero   RW         6084    .bss                usart1.o
    0x20012fc8        -       0x0000008c   Zero   RW         6295    .bss                usart6.o
    0x20013054        -       0x00000024   Zero   RW         6574    .bss                mpu6050.o
    0x20013078        -       0x00000018   Zero   RW         6728    .bss                posture.o
    0x20013090        -       0x00000021   Zero   RW         6893    .bss                remote.o
    0x200130b1   COMPRESSED   0x00000007   PAD
    0x200130b8        -       0x00000400   Zero   RW            1    STACK               startup_stm32f411xe.o


==============================================================================

Image component sizes


      Code (inc. data)   RO Data    RW Data    ZI Data      Debug   Object Name

       556         90          0         30          0       2141   control.o
         0          0          0          0          0      11864   event_groups.o
       692         62          0         24      76800       4627   heap_4.o
       774         80          0          0          0       6063   i2c.o
       124         10          0          0          0       1125   led.o
       148          0          0          0          0       3466   list.o
       108          0          0          0          0        575   main.o
       180         24          0          0          0      19645   misc.o
      1348         58         24         14         36      11544   mpu6050.o
       602         46         10          0          0       5913   nrf24l01.o
       800        120          0        120          0       4924   pid.o
       954         92          0         12          0      11749   port.o
      1888        130          0         80         24       3320   posture.o
       396          6          0          0          0       1547   pwm.o
      1872         22          0          0         64      16381   queue.o
       316         54          0         24         33       1568   remote.o
       144          0          0          0          0       3712   ringbuffer.o
       272         22          0          0          0       2282   spi.o
        36          8        408          0       1024        896   startup_stm32f411xe.o
         0          0          0          0          0      15356   stm32f4xx_dfsdm.o
       242          0          0          0          0      10439   stm32f4xx_gpio.o
        20          0          0          0          0       3313   stm32f4xx_it.o
       328         36          0         16          0       5267   stm32f4xx_rcc.o
       112          0          0          0          0      12454   stm32f4xx_spi.o
       772         66          0          0          0      29054   stm32f4xx_tim.o
       456          8          0          0          0      13079   stm32f4xx_usart.o
       260         34          0         20          0     255141   system_stm32f4xx.o
       168          8          0          4          0      12683   systick.o
       340        114          0         22          0       2857   task_manager.o
      2834        368          0         60        200      22973   tasks.o
      1142        118          0         20         40      17715   timers.o
       356         28          0          2        200       3928   usart1.o
       240         24          0          0        140       2405   usart6.o

    ----------------------------------------------------------------------
     18504       1628        480        456      78568     520006   Object Totals
         0          0         32          0          0          0   (incl. Generated)
        24          0          6          8          7          0   (incl. Padding)

    ----------------------------------------------------------------------

      Code (inc. data)   RO Data    RW Data    ZI Data      Debug   Library Member Name

       864         94         80          0          0        280   asin.o
       744        106        152          0          0        352   atan.o
       512         64          0          0          0        208   atan2.o
       104         16          0          0          0        496   dunder.o
        24          0          0          0          0        124   fabs.o
        48          0          0          0          0        124   fpclassify.o
       248          0          0          0          0        152   poly.o
         0          0          8          0          0          0   qnan.o
       232          0          0          0          0        296   sqrt.o
        86          0          0          0          0          0   __dczerorl2.o
         0          0          0          0          0          0   entry.o
         0          0          0          0          0          0   entry10a.o
         0          0          0          0          0          0   entry11a.o
         4          0          0          0          0          0   entry12b.o
         8          4          0          0          0          0   entry2.o
         4          0          0          0          0          0   entry5.o
         0          0          0          0          0          0   entry7b.o
         0          0          0          0          0          0   entry8b.o
         8          4          0          0          0          0   entry9a.o
        12          6          0          4          0         68   errno.o
        30          0          0          0          0          0   handlers.o
        36          8          0          0          0         68   init.o
         0          0          0          0          0          0   iusefp.o
        30          0          0          0          0         68   llshl.o
        36          0          0          0          0         68   llsshr.o
        32          0          0          0          0         68   llushr.o
        36          0          0          0          0         68   memcpya.o
        36          0          0          0          0        108   memseta.o
      2218         90          0          0          0        464   printfa.o
         0          0          0          4          0          0   stdout.o
        44          0          0          0          0         80   uidiv.o
        98          0          0          0          0         92   uldiv.o
        48          0          0          0          0         68   cdcmple.o
        48          0          0          0          0         68   cdrcmple.o
        56          0          0          0          0         88   d2f.o
       334          0          0          0          0        148   dadd.o
       222          0          0          0          0        100   ddiv.o
       186          0          0          0          0        176   depilogue.o
        48          0          0          0          0         68   dfixul.o
       228          0          0          0          0         96   dmul.o
       162          0          0          0          0        100   dsqrt.o
        38          0          0          0          0         68   f2d.o
       110          0          0          0          0        168   fepilogue.o

    ----------------------------------------------------------------------
      6984        392        240          8          0       4332   Library Totals
        10          0          0          0          0          0   (incl. Padding)

    ----------------------------------------------------------------------

      Code (inc. data)   RO Data    RW Data    ZI Data      Debug   Library Name

      2776        280        240          0          0       2032   m_wm.l
      2718        112          0          8          0       1152   mc_w.l
      1480          0          0          0          0       1148   mf_w.l

    ----------------------------------------------------------------------
      6984        392        240          8          0       4332   Library Totals

    ----------------------------------------------------------------------

==============================================================================


      Code (inc. data)   RO Data    RW Data    ZI Data      Debug   

     25488       2020        720        464      78568     504778   Grand Totals
     25488       2020        720         76      78568     504778   ELF Image Totals (compressed)
     25488       2020        720         76          0          0   ROM Totals

==============================================================================

    Total RO  Size (Code + RO Data)                26208 (  25.59kB)
    Total RW  Size (RW Data + ZI Data)             79032 (  77.18kB)
    Total ROM Size (Code + RO Data + RW Data)      26284 (  25.67kB)

==============================================================================

